[INFO] [launch]: All log files can be found below /root/.ros/log/2026-08-01-15-36-09-165470-elf3-66-2263
[INFO] [launch]: Default logging verbosity is set to INFO
[INFO] [hardware_elf3-1]: process started with pid [2275]
[INFO] [bxi_example_py_elf3_demo-2]: process started with pid [2277]
[hardware_elf3-1] hw init!
[hardware_elf3-1] motor map: 0x7fffffff
[hardware_elf3-1] check_motor: 1, motor_pwr:1, motor_disable:0x60000000
[hardware_elf3-1] motor power on
[hardware_elf3-1] motor map: 0x1fffffff
[hardware_elf3-1] can[1] rx error cnt: 1
[hardware_elf3-1] can[2] rx error cnt: 1
[hardware_elf3-1] can[3] rx error cnt: 1
[hardware_elf3-1] can[1] rx error cnt: 0
[hardware_elf3-1] can[2] rx error cnt: 0
[hardware_elf3-1] can[3] rx error cnt: 0
[hardware_elf3-1] can[2] rx error cnt: 1
[hardware_elf3-1] can[2] rx error cnt: 0
[hardware_elf3-1] [0m[INFO] [1785569772.218804480] [hardware_elf3]: Start RobotHwMessageHandler ...[0m
[hardware_elf3-1] enter motor mode
[hardware_elf3-1] *** motor_timeout: 0x60000000 ***
[hardware_elf3-1] motor[03]: Enter Motor Mode
[hardware_elf3-1] motor[09]: Enter Motor Mode
[hardware_elf3-1] motor[15]: Enter Motor Mode
[hardware_elf3-1] motor[22]: Enter Motor Mode
[hardware_elf3-1] motor[04]: Enter Motor Mode
[hardware_elf3-1] motor[10]: Enter Motor Mode
[hardware_elf3-1] motor[16]: Enter Motor Mode
[hardware_elf3-1] motor[23]: Enter Motor Mode
[hardware_elf3-1] motor[05]: Enter Motor Mode
[hardware_elf3-1] motor[11]: Enter Motor Mode
[hardware_elf3-1] motor[17]: Enter Motor Mode
[hardware_elf3-1] motor[24]: Enter Motor Mode
[hardware_elf3-1] motor[00]: Enter Motor Mode
[hardware_elf3-1] motor[06]: Enter Motor Mode
[hardware_elf3-1] motor[12]: Enter Motor Mode
[hardware_elf3-1] motor[18]: Enter Motor Mode
[hardware_elf3-1] motor[25]: Enter Motor Mode
[hardware_elf3-1] motor[07]: Enter Motor Mode
[hardware_elf3-1] motor[13]: Enter Motor Mode
[hardware_elf3-1] motor[19]: Enter Motor Mode
[hardware_elf3-1] motor[26]: Enter Motor Mode
[hardware_elf3-1] motor[01]: Enter Motor Mode
[hardware_elf3-1] motor[02]: Enter Motor Mode
[hardware_elf3-1] motor[08]: Enter Motor Mode
[hardware_elf3-1] motor[14]: Enter Motor Mode
[hardware_elf3-1] motor[20]: Enter Motor Mode
[hardware_elf3-1] motor[27]: Enter Motor Mode
[hardware_elf3-1] motor[21]: Enter Motor Mode
[hardware_elf3-1] motor[28]: Enter Motor Mode
[hardware_elf3-1] *** motor_timeout: 0x63C7FFF8 ***
[hardware_elf3-1] imu pud timeout: 7.353306 ms
[hardware_elf3-1] imu pud timeout: 13.740778 ms
[hardware_elf3-1] imu pud timeout: 19.269466 ms
[hardware_elf3-1] imu pud timeout: 27.287483 ms
[hardware_elf3-1] imu pud timeout: 33.714294 ms
[hardware_elf3-1] imu pud timeout: 39.516449 ms
[hardware_elf3-1] imu pud timeout: 47.397137 ms
[hardware_elf3-1] imu pud timeout: 53.779125 ms
[hardware_elf3-1] imu pud timeout: 59.603214 ms
[hardware_elf3-1] imu pud timeout: 67.458868 ms
[hardware_elf3-1] imu pud timeout: 73.736906 ms
[hardware_elf3-1] imu pud timeout: 79.728603 ms
[hardware_elf3-1] imu pud timeout: 87.464094 ms
[hardware_elf3-1] imu pud timeout: 93.716860 ms
[hardware_elf3-1] imu pud timeout: 99.462271 ms
[hardware_elf3-1] imu pud timeout: 107.594728 ms
[hardware_elf3-1] imu pud timeout: 113.677979 ms
[hardware_elf3-1] imu pud timeout: 119.436741 ms
[hardware_elf3-1] imu pud timeout: 127.401352 ms
[hardware_elf3-1] imu pud timeout: 133.732796 ms
[hardware_elf3-1] imu pud timeout: 139.654398 ms
[hardware_elf3-1] imu pud timeout: 147.153378 ms
[hardware_elf3-1] imu pud timeout: 153.734446 ms
[hardware_elf3-1] imu pud timeout: 159.416676 ms
[hardware_elf3-1] imu pud timeout: 167.406797 ms
[hardware_elf3-1] imu pud timeout: 173.753262 ms
[hardware_elf3-1] imu pud timeout: 179.552078 ms
[hardware_elf3-1] imu pud timeout: 187.373400 ms
[hardware_elf3-1] imu pud timeout: 193.794250 ms
[hardware_elf3-1] imu pud timeout: 199.440241 ms
[hardware_elf3-1] imu pud timeout: 207.385778 ms
[hardware_elf3-1] imu pud timeout: 213.799477 ms
[hardware_elf3-1] imu pud timeout: 219.433784 ms
[hardware_elf3-1] imu pud timeout: 227.404594 ms
[hardware_elf3-1] imu pud timeout: 233.795643 ms
[hardware_elf3-1] imu pud timeout: 239.813805 ms
[hardware_elf3-1] imu pud timeout: 247.508287 ms
[hardware_elf3-1] imu pud timeout: 253.809690 ms
[hardware_elf3-1] imu pud timeout: 259.697199 ms
[hardware_elf3-1] imu pud timeout: 267.547131 ms
[hardware_elf3-1] imu pud timeout: 273.811579 ms
[hardware_elf3-1] imu pud timeout: 279.596806 ms
[hardware_elf3-1] imu pud timeout: 287.435770 ms
[hardware_elf3-1] imu pud timeout: 293.797255 ms
[hardware_elf3-1] imu pud timeout: 299.569845 ms
[hardware_elf3-1] imu pud timeout: 307.560682 ms
[hardware_elf3-1] imu pud timeout: 313.831329 ms
[hardware_elf3-1] imu pud timeout: 319.567680 ms
[hardware_elf3-1] imu pud timeout: 327.493191 ms
[hardware_elf3-1] imu pud timeout: 333.892107 ms
[hardware_elf3-1] imu pud timeout: 339.517832 ms
[hardware_elf3-1] imu pud timeout: 347.498178 ms
[hardware_elf3-1] imu pud timeout: 353.814602 ms
[hardware_elf3-1] imu pud timeout: 359.800100 ms
[hardware_elf3-1] imu pud timeout: 367.551327 ms
[hardware_elf3-1] imu pud timeout: 373.945951 ms
[hardware_elf3-1] imu pud timeout: 379.656315 ms
[hardware_elf3-1] imu pud timeout: 387.569666 ms
[hardware_elf3-1] imu pud timeout: 393.964529 ms
[hardware_elf3-1] imu pud timeout: 399.806499 ms
[hardware_elf3-1] imu pud timeout: 407.437086 ms
[hardware_elf3-1] imu pud timeout: 413.869858 ms
[hardware_elf3-1] imu pud timeout: 419.593096 ms
[hardware_elf3-1] imu pud timeout: 427.548170 ms
[hardware_elf3-1] imu pud timeout: 433.972836 ms
[hardware_elf3-1] imu pud timeout: 439.548731 ms
[hardware_elf3-1] imu pud timeout: 447.552443 ms
[hardware_elf3-1] imu pud timeout: 453.993320 ms
[hardware_elf3-1] imu pud timeout: 459.752798 ms
[hardware_elf3-1] imu pud timeout: 467.596292 ms
[hardware_elf3-1] imu pud timeout: 473.923683 ms
[hardware_elf3-1] imu pud timeout: 480.129242 ms
[hardware_elf3-1] imu pud timeout: 487.649918 ms
[hardware_elf3-1] imu pud timeout: 493.990660 ms
[hardware_elf3-1] imu pud timeout: 499.728203 ms
[hardware_elf3-1] imu pud timeout: 507.606268 ms
[hardware_elf3-1] imu pud timeout: 514.013767 ms
[hardware_elf3-1] imu pud timeout: 519.958496 ms
[hardware_elf3-1] imu pud timeout: 527.621984 ms
[hardware_elf3-1] imu pud timeout: 533.977270 ms
[hardware_elf3-1] imu pud timeout: 539.652109 ms
[hardware_elf3-1] imu pud timeout: 547.603369 ms
[hardware_elf3-1] imu pud timeout: 554.031134 ms
[hardware_elf3-1] imu pud timeout: 559.631109 ms
[hardware_elf3-1] imu pud timeout: 567.631483 ms
[hardware_elf3-1] imu pud timeout: 574.045181 ms
[hardware_elf3-1] imu pud timeout: 579.661131 ms
[hardware_elf3-1] imu pud timeout: 587.674141 ms
[hardware_elf3-1] imu pud timeout: 593.992949 ms
[hardware_elf3-1] imu pud timeout: 600.226879 ms
[hardware_elf3-1] imu pud timeout: 607.678413 ms
[hardware_elf3-1] imu pud timeout: 613.997698 ms
[hardware_elf3-1] imu pud timeout: 619.599104 ms
[hardware_elf3-1] imu pud timeout: 627.616882 ms
[hardware_elf3-1] imu pud timeout: 633.926868 ms
[hardware_elf3-1] imu pud timeout: 639.683485 ms
[hardware_elf3-1] imu pud timeout: 647.551775 ms
[hardware_elf3-1] imu pud timeout: 654.018402 ms
[hardware_elf3-1] imu pud timeout: 659.820795 ms
[hardware_elf3-1] imu pud timeout: 667.554617 ms
[hardware_elf3-1] imu pud timeout: 673.991203 ms
[hardware_elf3-1] imu pud timeout: 679.908276 ms
[hardware_elf3-1] imu pud timeout: 687.551975 ms
[hardware_elf3-1] imu pud timeout: 693.930864 ms
[hardware_elf3-1] imu pud timeout: 699.625492 ms
[hardware_elf3-1] imu pud timeout: 707.546711 ms
[hardware_elf3-1] imu pud timeout: 714.046001 ms
[hardware_elf3-1] imu pud timeout: 719.627857 ms
[hardware_elf3-1] imu pud timeout: 727.553129 ms
[hardware_elf3-1] imu pud timeout: 734.040499 ms
[hardware_elf3-1] imu pud timeout: 739.928961 ms
[hardware_elf3-1] imu pud timeout: 747.606277 ms
[hardware_elf3-1] imu pud timeout: 754.039049 ms
[hardware_elf3-1] imu pud timeout: 759.973049 ms
[hardware_elf3-1] imu pud timeout: 767.626047 ms
[hardware_elf3-1] imu pud timeout: 773.993969 ms
[hardware_elf3-1] imu pud timeout: 779.647112 ms
[hardware_elf3-1] imu pud timeout: 787.529469 ms
[hardware_elf3-1] imu pud timeout: 794.018745 ms
[hardware_elf3-1] imu pud timeout: 799.969912 ms
[hardware_elf3-1] imu pud timeout: 807.633400 ms
[hardware_elf3-1] imu pud timeout: 814.100504 ms
[hardware_elf3-1] imu pud timeout: 819.967031 ms
[hardware_elf3-1] imu pud timeout: 827.678442 ms
[hardware_elf3-1] imu pud timeout: 834.107161 ms
[hardware_elf3-1] imu pud timeout: 839.667559 ms
[hardware_elf3-1] imu pud timeout: 847.660303 ms
[hardware_elf3-1] imu pud timeout: 854.075670 ms
[hardware_elf3-1] imu pud timeout: 859.802723 ms
[hardware_elf3-1] imu pud timeout: 867.767811 ms
[hardware_elf3-1] imu pud timeout: 874.104738 ms
[hardware_elf3-1] imu pud timeout: 879.807472 ms
[hardware_elf3-1] imu pud timeout: 887.673140 ms
[hardware_elf3-1] imu pud timeout: 894.116640 ms
[hardware_elf3-1] imu pud timeout: 899.705172 ms
[hardware_elf3-1] imu pud timeout: 907.679796 ms
[hardware_elf3-1] imu pud timeout: 914.113522 ms
[hardware_elf3-1] imu pud timeout: 919.959784 ms
[hardware_elf3-1] imu pud timeout: 927.684784 ms
[hardware_elf3-1] imu pud timeout: 934.111595 ms
[hardware_elf3-1] imu pud timeout: 939.797163 ms
[hardware_elf3-1] imu pud timeout: 947.619438 ms
[hardware_elf3-1] imu pud timeout: 954.194546 ms
[hardware_elf3-1] imu pud timeout: 959.721804 ms
[hardware_elf3-1] imu pud timeout: 967.621565 ms
[hardware_elf3-1] imu pud timeout: 974.171162 ms
[hardware_elf3-1] imu pud timeout: 979.705572 ms
[hardware_elf3-1] imu pud timeout: 987.708807 ms
[hardware_elf3-1] imu pud timeout: 994.063139 ms
[hardware_elf3-1] imu pud timeout: 999.713182 ms
[hardware_elf3-1] imu pud timeout: 1007.716417 ms
[hardware_elf3-1] imu pud timeout: 1014.209509 ms
[hardware_elf3-1] imu pud timeout: 1019.824982 ms
[hardware_elf3-1] imu pud timeout: 1027.599812 ms
[hardware_elf3-1] imu pud timeout: 1034.221888 ms
[hardware_elf3-1] imu pud timeout: 1039.811850 ms
[hardware_elf3-1] imu pud timeout: 1047.642946 ms
[hardware_elf3-1] imu pud timeout: 1054.176569 ms
[hardware_elf3-1] imu pud timeout: 1059.840202 ms
[hardware_elf3-1] imu pud timeout: 1067.739725 ms
[hardware_elf3-1] imu pud timeout: 1074.220896 ms
[hardware_elf3-1] imu pud timeout: 1079.771519 ms
[hardware_elf3-1] imu pud timeout: 1087.748528 ms
[hardware_elf3-1] imu pud timeout: 1094.198465 ms
[hardware_elf3-1] imu pud timeout: 1100.025177 ms
[hardware_elf3-1] imu pud timeout: 1107.750893 ms
[hardware_elf3-1] imu pud timeout: 1114.097118 ms
[hardware_elf3-1] imu pud timeout: 1120.099545 ms
[hardware_elf3-1] imu pud timeout: 1127.594948 ms
[hardware_elf3-1] imu pud timeout: 1134.083033 ms
[hardware_elf3-1] imu pud timeout: 1139.786720 ms
[hardware_elf3-1] imu pud timeout: 1147.809029 ms
[hardware_elf3-1] imu pud timeout: 1154.102325 ms
[hardware_elf3-1] imu pud timeout: 1159.993649 ms
[hardware_elf3-1] imu pud timeout: 1167.533398 ms
[bxi_example_py_elf3_demo-2] NodeArg(name='obs', type='tensor(float)', shape=[1, 960])
[bxi_example_py_elf3_demo-2] NodeArg(name='actions', type='tensor(float)', shape=[1, 32])
[bxi_example_py_elf3_demo-2] 
[bxi_example_py_elf3_demo-2] [AutoDetect] Model input dimension: 960
[bxi_example_py_elf3_demo-2] [AutoDetect] Configured for 960D input (96D per step, full body)
[bxi_example_py_elf3_demo-2] [AutoDetect] Total observation dimension: 960
[bxi_example_py_elf3_demo-2] 
[bxi_example_py_elf3_demo-2] preparing initial observation history...
[hardware_elf3-1] imu pud timeout: 1174.123287 ms
[bxi_example_py_elf3_demo-2] AMP model init finished!!!
[hardware_elf3-1] imu pud timeout: 1179.695606 ms
[hardware_elf3-1] imu pud timeout: 1187.660456 ms
[hardware_elf3-1] imu pud timeout: 1194.165230 ms
[hardware_elf3-1] imu pud timeout: 1199.774504 ms
[hardware_elf3-1] imu pud timeout: 1207.670689 ms
[hardware_elf3-1] imu pud timeout: 1214.118719 ms
[hardware_elf3-1] imu pud timeout: 1219.674349 ms
[hardware_elf3-1] imu pud timeout: 1227.724552 ms
[bxi_example_py_elf3_demo-2] NodeArg(name='obs', type='tensor(float)', shape=[1, 960])
[bxi_example_py_elf3_demo-2] NodeArg(name='actions', type='tensor(float)', shape=[1, 32])
[bxi_example_py_elf3_demo-2] 
[bxi_example_py_elf3_demo-2] [AutoDetect] Model input dimension: 960
[bxi_example_py_elf3_demo-2] [AutoDetect] Configured for 960D input (96D per step, full body)
[bxi_example_py_elf3_demo-2] [AutoDetect] Total observation dimension: 960
[bxi_example_py_elf3_demo-2] 
[bxi_example_py_elf3_demo-2] preparing initial observation history...
[bxi_example_py_elf3_demo-2] AMP model init finished!!!
[bxi_example_py_elf3_demo-2] policy test
[hardware_elf3-1] imu pud timeout: 1235.432386 ms
[hardware_elf3-1] imu pud timeout: 1241.925478 ms
[hardware_elf3-1] imu pud timeout: 1247.718811 ms
[bxi_example_py_elf3_demo-2] joint_names: l_shoulder_y_joint,r_shoulder_y_joint,waist_y_joint,l_shoulder_x_joint,r_shoulder_x_joint,waist_x_joint,l_shoulder_z_joint,r_shoulder_z_joint,waist_z_joint,l_elbow_y_joint,r_elbow_y_joint,l_hip_y_joint,r_hip_y_joint,l_wrist_x_joint,r_wrist_x_joint,l_hip_x_joint,r_hip_x_joint,l_wrist_y_joint,r_wrist_y_joint,l_hip_z_joint,r_hip_z_joint,l_wrist_z_joint,r_wrist_z_joint,l_knee_y_joint,r_knee_y_joint,l_ankle_y_joint,r_ankle_y_joint,l_ankle_x_joint,r_ankle_x_joint
[bxi_example_py_elf3_demo-2]  
[bxi_example_py_elf3_demo-2] default_joint_pos: 0.200,0.200,0.000,0.200,-0.200,0.000,0.000,0.000,0.000,1.280,1.280,-0.150,-0.150,0.000,0.000,0.000,0.000,0.000,0.000,0.000,0.000,0.000,0.000,0.300,0.300,-0.150,-0.150,0.000,0.000
[bxi_example_py_elf3_demo-2]  
[hardware_elf3-1] imu pud timeout: 1254.122257 ms
[hardware_elf3-1] imu pud timeout: 1259.742975 ms
[hardware_elf3-1] imu pud timeout: 1267.725945 ms
[hardware_elf3-1] imu pud timeout: 1274.135113 ms
[hardware_elf3-1] imu pud timeout: 1279.930592 ms
[bxi_example_py_elf3_demo-2] NodeArg(name='obs', type='tensor(float)', shape=[1, 540])
[bxi_example_py_elf3_demo-2] NodeArg(name='actions', type='tensor(float)', shape=[1, 15])
[bxi_example_py_elf3_demo-2] 
[bxi_example_py_elf3_demo-2] [AutoDetect] Model input dimension: 540
[bxi_example_py_elf3_demo-2] [AutoDetect] Configured for 540D input (54D per step, no-arm Isaac joint order)
[bxi_example_py_elf3_demo-2] [AutoDetect] 540D output MuJoCo indices: [0, 1, 2, 3, 4, 5, 6, 7, 8, 9, 10, 11, 12, 13, 14]
[bxi_example_py_elf3_demo-2] [AutoDetect] Total observation dimension: 540
[bxi_example_py_elf3_demo-2] 
[bxi_example_py_elf3_demo-2] preparing initial observation history...
[bxi_example_py_elf3_demo-2] AMP model init finished!!!
[hardware_elf3-1] imu pud timeout: 1287.779331 ms
[hardware_elf3-1] imu pud timeout: 1294.131041 ms
[hardware_elf3-1] imu pud timeout: 1299.888372 ms
[hardware_elf3-1] imu pud timeout: 1307.760715 ms
[hardware_elf3-1] imu pud timeout: 1314.143181 ms
[hardware_elf3-1] imu pud timeout: 1319.795132 ms
[hardware_elf3-1] imu pud timeout: 1327.667236 ms
[hardware_elf3-1] imu pud timeout: 1334.150314 ms
[hardware_elf3-1] imu pud timeout: 1339.771509 ms
[hardware_elf3-1] imu pud timeout: 1347.774506 ms
[hardware_elf3-1] imu pud timeout: 1354.153156 ms
[hardware_elf3-1] imu pud timeout: 1359.778643 ms
[hardware_elf3-1] imu pud timeout: 1367.781878 ms
[hardware_elf3-1] imu pud timeout: 1374.165297 ms
[hardware_elf3-1] imu pud timeout: 1379.786253 ms
[hardware_elf3-1] imu pud timeout: 1387.788296 ms
[hardware_elf3-1] imu pud timeout: 1394.167900 ms
[hardware_elf3-1] imu pud timeout: 1399.845362 ms
[hardware_elf3-1] imu pud timeout: 1407.631159 ms
[hardware_elf3-1] imu pud timeout: 1414.181471 ms
[hardware_elf3-1] imu pud timeout: 1419.856548 ms
[hardware_elf3-1] imu pud timeout: 1427.704573 ms
[bxi_example_py_elf3_demo-2] [0m[INFO] [1785569775.233926543] [bxi_example_py_elf3_demo]: state graph loaded: 11 states, 28 transitions[0m
[bxi_example_py_elf3_demo-2] [0m[INFO] [1785569775.234733802] [bxi_example_py_elf3_demo]: state graph dot exported: /tmp/elf3_state_machine.dot[0m
[bxi_example_py_elf3_demo-2] [0m[INFO] [1785569775.235381036] [bxi_example_py_elf3_demo]: state graph mermaid exported: /tmp/elf3_state_machine.mmd[0m
[hardware_elf3-1] imu pud timeout: 1434.210777 ms
[hardware_elf3-1] imu pud timeout: 1439.940691 ms
[hardware_elf3-1] imu pud timeout: 1447.645903 ms
[bxi_example_py_elf3_demo-2] robot reset 1!
[hardware_elf3-1] hw reset step 1
[hardware_elf3-1] [0m[INFO] [1785569775.256263652] [hardware_elf3]: hardware reset ...[0m
[hardware_elf3-1] imu pud timeout: 1454.226255 ms
[hardware_elf3-1] imu pud timeout: 1459.816933 ms
[hardware_elf3-1] imu pud timeout: 1467.720032 ms
[hardware_elf3-1] imu pud timeout: 1474.202156 ms
[hardware_elf3-1] imu pud timeout: 1480.032444 ms
[hardware_elf3-1] imu pud timeout: 1487.825394 ms
[hardware_elf3-1] imu pud timeout: 1494.202137 ms
[hardware_elf3-1] imu pud timeout: 1500.110865 ms
[hardware_elf3-1] imu pud timeout: 1507.831573 ms
[hardware_elf3-1] imu pud timeout: 1514.212847 ms
[hardware_elf3-1] imu pud timeout: 1519.863844 ms
[hardware_elf3-1] imu pud timeout: 1527.839661 ms
[hardware_elf3-1] imu pud timeout: 1534.228563 ms
[hardware_elf3-1] imu pud timeout: 1539.858103 ms
[hardware_elf3-1] imu pud timeout: 1547.747135 ms
[hardware_elf3-1] imu pud timeout: 1554.236174 ms
[hardware_elf3-1] imu pud timeout: 1560.063601 ms
[hardware_elf3-1] imu pud timeout: 1567.963600 ms
[hardware_elf3-1] imu pud timeout: 1574.236631 ms
[hardware_elf3-1] imu pud timeout: 1580.329657 ms
[hardware_elf3-1] imu pud timeout: 1587.966204 ms
[hardware_elf3-1] imu pud timeout: 1594.247103 ms
[hardware_elf3-1] imu pud timeout: 1600.087881 ms
[hardware_elf3-1] imu pud timeout: 1607.868195 ms
[hardware_elf3-1] imu pud timeout: 1614.253044 ms
[hardware_elf3-1] imu pud timeout: 1620.081663 ms
[hardware_elf3-1] imu pud timeout: 1627.980471 ms
[hardware_elf3-1] imu pud timeout: 1634.256601 ms
[hardware_elf3-1] imu pud timeout: 1639.963150 ms
[hardware_elf3-1] imu pud timeout: 1647.785902 ms
[hardware_elf3-1] imu pud timeout: 1654.277086 ms
[hardware_elf3-1] imu pud timeout: 1659.887552 ms
[hardware_elf3-1] imu pud timeout: 1667.726040 ms
[hardware_elf3-1] imu pud timeout: 1674.277067 ms
[hardware_elf3-1] imu pud timeout: 1680.072069 ms
[hardware_elf3-1] imu pud timeout: 1687.793016 ms
[hardware_elf3-1] imu pud timeout: 1694.279909 ms
[hardware_elf3-1] imu pud timeout: 1699.634790 ms
[hardware_elf3-1] imu pud timeout: 1708.036661 ms
[hardware_elf3-1] imu pud timeout: 1714.287043 ms
[hardware_elf3-1] imu pud timeout: 1720.117331 ms
[hardware_elf3-1] imu pud timeout: 1727.822304 ms
[hardware_elf3-1] imu pud timeout: 1734.343529 ms
[hardware_elf3-1] imu pud timeout: 1739.678383 ms
[hardware_elf3-1] imu pud timeout: 1747.736692 ms
[hardware_elf3-1] imu pud timeout: 1753.690958 ms
[hardware_elf3-1] imu pud timeout: 1760.309935 ms
[hardware_elf3-1] *** motor_timeout: 0x67CFFFFF ***
[hardware_elf3-1] imu pud timeout: 1767.934799 ms
[hardware_elf3-1] imu pud timeout: 1774.307489 ms
[hardware_elf3-1] imu pud timeout: 1780.148029 ms
[hardware_elf3-1] imu pud timeout: 1787.846088 ms
[hardware_elf3-1] imu pud timeout: 1794.329166 ms
[hardware_elf3-1] imu pud timeout: 1800.232172 ms
[hardware_elf3-1] imu pud timeout: 1807.998657 ms
[hardware_elf3-1] imu pud timeout: 1814.429045 ms
[hardware_elf3-1] imu pud timeout: 1820.131540 ms
[hardware_elf3-1] imu pud timeout: 1827.972651 ms
[hardware_elf3-1] imu pud timeout: 1834.334135 ms
[hardware_elf3-1] imu pud timeout: 1840.113878 ms
[hardware_elf3-1] imu pud timeout: 1847.953796 ms
[hardware_elf3-1] imu pud timeout: 1854.360342 ms
[hardware_elf3-1] imu pud timeout: 1859.961510 ms
[hardware_elf3-1] imu pud timeout: 1867.990971 ms
[hardware_elf3-1] imu pud timeout: 1874.350071 ms
[hardware_elf3-1] imu pud timeout: 1879.868507 ms
[hardware_elf3-1] imu pud timeout: 1887.971163 ms
[hardware_elf3-1] imu pud timeout: 1894.440651 ms
[hardware_elf3-1] imu pud timeout: 1900.048494 ms
[hardware_elf3-1] imu pud timeout: 1908.085585 ms
[hardware_elf3-1] imu pud timeout: 1914.359570 ms
[hardware_elf3-1] imu pud timeout: 1920.249224 ms
[hardware_elf3-1] imu pud timeout: 1928.089619 ms
[hardware_elf3-1] imu pud timeout: 1934.360027 ms
[hardware_elf3-1] imu pud timeout: 1940.276146 ms
[hardware_elf3-1] imu pud timeout: 1947.992086 ms
[hardware_elf3-1] imu pud timeout: 1954.417944 ms
[hardware_elf3-1] imu pud timeout: 1960.187435 ms
[hardware_elf3-1] imu pud timeout: 1968.183041 ms
[hardware_elf3-1] imu pud timeout: 1974.526167 ms
[hardware_elf3-1] imu pud timeout: 1980.427742 ms
[hardware_elf3-1] imu pud timeout: 1988.229036 ms
[hardware_elf3-1] imu pud timeout: 1994.531155 ms
[hardware_elf3-1] imu pud timeout: 2000.440359 ms
[hardware_elf3-1] imu pud timeout: 2008.218527 ms
[hardware_elf3-1] imu pud timeout: 2014.531374 ms
[hardware_elf3-1] imu pud timeout: 2020.321608 ms
[hardware_elf3-1] imu pud timeout: 2028.227568 ms
[hardware_elf3-1] imu pud timeout: 2034.450531 ms
[hardware_elf3-1] imu pud timeout: 2040.257692 ms
[hardware_elf3-1] imu pud timeout: 2048.095942 ms
[hardware_elf3-1] imu pud timeout: 2054.414511 ms
[hardware_elf3-1] imu pud timeout: 2060.220480 ms
[hardware_elf3-1] imu pud timeout: 2068.106651 ms
[hardware_elf3-1] imu pud timeout: 2074.476004 ms
[hardware_elf3-1] imu pud timeout: 2080.220461 ms
[hardware_elf3-1] imu pud timeout: 2088.110209 ms
[hardware_elf3-1] imu pud timeout: 2094.477654 ms
[hardware_elf3-1] imu pud timeout: 2100.334167 ms
[hardware_elf3-1] imu pud timeout: 2108.108521 ms
[hardware_elf3-1] imu pud timeout: 2114.434481 ms
[hardware_elf3-1] imu pud timeout: 2120.599031 ms
[hardware_elf3-1] imu pud timeout: 2128.115654 ms
[hardware_elf3-1] imu pud timeout: 2134.468555 ms
[hardware_elf3-1] imu pud timeout: 2140.350342 ms
[hardware_elf3-1] imu pud timeout: 2148.128033 ms
[hardware_elf3-1] imu pud timeout: 2154.501200 ms
[hardware_elf3-1] imu pud timeout: 2160.303593 ms
[hardware_elf3-1] imu pud timeout: 2168.259859 ms
[hardware_elf3-1] imu pud timeout: 2174.447298 ms
[hardware_elf3-1] imu pud timeout: 2180.160284 ms
[hardware_elf3-1] imu pud timeout: 2188.183784 ms
[hardware_elf3-1] imu pud timeout: 2194.491625 ms
[hardware_elf3-1] imu pud timeout: 2200.258732 ms
[hardware_elf3-1] imu pud timeout: 2208.146811 ms
[hardware_elf3-1] imu pud timeout: 2214.468002 ms
[hardware_elf3-1] imu pud timeout: 2220.150471 ms
[hardware_elf3-1] imu pud timeout: 2228.153467 ms
[hardware_elf3-1] imu pud timeout: 2234.469891 ms
[hardware_elf3-1] imu pud timeout: 2240.330696 ms
[hardware_elf3-1] imu pud timeout: 2248.163700 ms
[hardware_elf3-1] imu pud timeout: 2254.447460 ms
[hardware_elf3-1] imu pud timeout: 2260.209322 ms
[hardware_elf3-1] imu pud timeout: 2268.173933 ms
[hardware_elf3-1] imu pud timeout: 2274.518013 ms
[hardware_elf3-1] imu pud timeout: 2280.198336 ms
[hardware_elf3-1] imu pud timeout: 2288.172007 ms
[hardware_elf3-1] imu pud timeout: 2294.490099 ms
[hardware_elf3-1] imu pud timeout: 2300.220013 ms
[hardware_elf3-1] imu pud timeout: 2308.192253 ms
[hardware_elf3-1] imu pud timeout: 2314.466476 ms
[hardware_elf3-1] imu pud timeout: 2320.190191 ms
[hardware_elf3-1] imu pud timeout: 2328.091621 ms
[hardware_elf3-1] imu pud timeout: 2334.513426 ms
[hardware_elf3-1] imu pud timeout: 2340.234041 ms
[hardware_elf3-1] imu pud timeout: 2348.215342 ms
[hardware_elf3-1] imu pud timeout: 2354.519129 ms
[hardware_elf3-1] imu pud timeout: 2360.202789 ms
[hardware_elf3-1] imu pud timeout: 2368.010283 ms
[hardware_elf3-1] imu pud timeout: 2374.520779 ms
[hardware_elf3-1] imu pud timeout: 2380.255222 ms
[hardware_elf3-1] imu pud timeout: 2388.213158 ms
[hardware_elf3-1] imu pud timeout: 2394.532204 ms
[hardware_elf3-1] imu pud timeout: 2400.248528 ms
[hardware_elf3-1] imu pud timeout: 2408.259869 ms
[hardware_elf3-1] imu pud timeout: 2414.541245 ms
[hardware_elf3-1] imu pud timeout: 2420.238495 ms
[hardware_elf3-1] imu pud timeout: 2428.237677 ms
[hardware_elf3-1] imu pud timeout: 2434.647083 ms
[hardware_elf3-1] imu pud timeout: 2440.181971 ms
[hardware_elf3-1] imu pud timeout: 2448.225260 ms
[hardware_elf3-1] imu pud timeout: 2454.552174 ms
[hardware_elf3-1] imu pud timeout: 2460.230350 ms
[hardware_elf3-1] imu pud timeout: 2468.249559 ms
[bxi_example_py_elf3_demo-2] robot reset 2!
[hardware_elf3-1] hw reset step 2
[hardware_elf3-1] [0m[INFO] [1785569776.275904027] [hardware_elf3]: hardware reset ...[0m
[hardware_elf3-1] imu pud timeout: 2474.560022 ms
[hardware_elf3-1] imu pud timeout: 2480.241537 ms
[hardware_elf3-1] imu pud timeout: 2488.244772 ms
[hardware_elf3-1] imu pud timeout: 2494.533062 ms
[hardware_elf3-1] imu pud timeout: 2500.246525 ms
[hardware_elf3-1] imu pud timeout: 2508.267879 ms
[hardware_elf3-1] imu pud timeout: 2514.577627 ms
[hardware_elf3-1] imu pud timeout: 2520.297766 ms
[hardware_elf3-1] imu pud timeout: 2528.254271 ms
[hardware_elf3-1] imu pud timeout: 2534.575701 ms
[hardware_elf3-1] imu pud timeout: 2540.261030 ms
[hardware_elf3-1] imu pud timeout: 2548.264742 ms
[hardware_elf3-1] imu pud timeout: 2554.608107 ms
[hardware_elf3-1] imu pud timeout: 2560.388803 ms
[hardware_elf3-1] imu pud timeout: 2568.274975 ms
[hardware_elf3-1] imu pud timeout: 2574.593067 ms
[hardware_elf3-1] imu pud timeout: 2580.475330 ms
[hardware_elf3-1] imu pud timeout: 2588.278294 ms
[hardware_elf3-1] imu pud timeout: 2594.566345 ms
[hardware_elf3-1] imu pud timeout: 2600.282669 ms
[hardware_elf3-1] imu pud timeout: 2608.294964 ms
[hardware_elf3-1] imu pud timeout: 2614.577770 ms
[hardware_elf3-1] imu pud timeout: 2620.408535 ms
[hardware_elf3-1] imu pud timeout: 2628.315449 ms
[hardware_elf3-1] imu pud timeout: 2634.612799 ms
[hardware_elf3-1] imu pud timeout: 2640.517473 ms
[hardware_elf3-1] imu pud timeout: 2648.316145 ms
[hardware_elf3-1] imu pud timeout: 2654.622316 ms
[hardware_elf3-1] imu pud timeout: 2660.521269 ms
[hardware_elf3-1] imu pud timeout: 2668.365955 ms
[hardware_elf3-1] imu pud timeout: 2674.634933 ms
[hardware_elf3-1] imu pud timeout: 2680.587769 ms
[hardware_elf3-1] imu pud timeout: 2688.246489 ms
[hardware_elf3-1] imu pud timeout: 2694.668770 ms
[hardware_elf3-1] imu pud timeout: 2700.390339 ms
[hardware_elf3-1] imu pud timeout: 2708.265305 ms
[hardware_elf3-1] imu pud timeout: 2714.643478 ms
[hardware_elf3-1] imu pud timeout: 2720.339775 ms
[hardware_elf3-1] imu pud timeout: 2728.320837 ms
[hardware_elf3-1] imu pud timeout: 2734.619141 ms
[hardware_elf3-1] imu pud timeout: 2740.358591 ms
[hardware_elf3-1] imu pud timeout: 2748.234272 ms
[hardware_elf3-1] imu pud timeout: 2754.658222 ms
[hardware_elf3-1] imu pud timeout: 2760.466337 ms
[hardware_elf3-1] imu pud timeout: 2768.313885 ms
[hardware_elf3-1] imu pud timeout: 2774.657011 ms
[hardware_elf3-1] imu pud timeout: 2780.347586 ms
[hardware_elf3-1] imu pud timeout: 2788.215876 ms
[hardware_elf3-1] imu pud timeout: 2794.668674 ms
[hardware_elf3-1] imu pud timeout: 2800.547361 ms
[hardware_elf3-1] imu pud timeout: 2808.396816 ms
[hardware_elf3-1] imu pud timeout: 2814.670563 ms
[hardware_elf3-1] imu pud timeout: 2820.280075 ms
[hardware_elf3-1] imu pud timeout: 2828.365803 ms
[hardware_elf3-1] imu pud timeout: 2834.715605 ms
[hardware_elf3-1] imu pud timeout: 2840.323925 ms
[hardware_elf3-1] imu pud timeout: 2848.249674 ms
[hardware_elf3-1] imu pud timeout: 2854.724169 ms
[hardware_elf3-1] imu pud timeout: 2860.598803 ms
[hardware_elf3-1] imu pud timeout: 2868.190289 ms
[hardware_elf3-1] imu pud timeout: 2874.698877 ms
[hardware_elf3-1] imu pud timeout: 2880.425215 ms
[hardware_elf3-1] imu pud timeout: 2888.273716 ms
[hardware_elf3-1] imu pud timeout: 2894.706249 ms
[hardware_elf3-1] imu pud timeout: 2900.432348 ms
[hardware_elf3-1] imu pud timeout: 2908.366203 ms
[hardware_elf3-1] imu pud timeout: 2914.683104 ms
[hardware_elf3-1] imu pud timeout: 2920.140505 ms
[hardware_elf3-1] imu pud timeout: 2928.376913 ms
[hardware_elf3-1] imu pud timeout: 2934.718370 ms
[hardware_elf3-1] imu pud timeout: 2940.369368 ms
[hardware_elf3-1] imu pud timeout: 2948.380709 ms
[hardware_elf3-1] imu pud timeout: 2954.722881 ms
[hardware_elf3-1] imu pud timeout: 2960.489988 ms
[hardware_elf3-1] imu pud timeout: 2968.464136 ms
[hardware_elf3-1] imu pud timeout: 2974.819183 ms
[hardware_elf3-1] imu pud timeout: 2980.546236 ms
[hardware_elf3-1] imu pud timeout: 2988.536119 ms
[hardware_elf3-1] imu pud timeout: 2994.881868 ms
[hardware_elf3-1] imu pud timeout: 3000.602722 ms
[hardware_elf3-1] imu pud timeout: 3008.487463 ms
[hardware_elf3-1] imu pud timeout: 3014.754772 ms
[hardware_elf3-1] imu pud timeout: 3020.551443 ms
[hardware_elf3-1] imu pud timeout: 3028.294086 ms
[hardware_elf3-1] imu pud timeout: 3034.727097 ms
[hardware_elf3-1] imu pud timeout: 3040.318012 ms
[hardware_elf3-1] imu pud timeout: 3048.435211 ms
[hardware_elf3-1] imu pud timeout: 3054.783106 ms
[hardware_elf3-1] imu pud timeout: 3060.441017 ms
[hardware_elf3-1] imu pud timeout: 3068.452358 ms
[hardware_elf3-1] imu pud timeout: 3074.738503 ms
[hardware_elf3-1] imu pud timeout: 3080.468178 ms
[hardware_elf3-1] imu pud timeout: 3088.368416 ms
[hardware_elf3-1] imu pud timeout: 3094.783306 ms
[hardware_elf3-1] imu pud timeout: 3100.430965 ms
[hardware_elf3-1] imu pud timeout: 3108.284712 ms
[hardware_elf3-1] imu pud timeout: 3114.786386 ms
[hardware_elf3-1] imu pud timeout: 3120.474577 ms
[hardware_elf3-1] imu pud timeout: 3128.278971 ms
[hardware_elf3-1] imu pud timeout: 3134.765387 ms
[hardware_elf3-1] imu pud timeout: 3140.485764 ms
[hardware_elf3-1] imu pud timeout: 3148.497343 ms
[hardware_elf3-1] imu pud timeout: 3154.834509 ms
[hardware_elf3-1] imu pud timeout: 3160.378933 ms
[hardware_elf3-1] imu pud timeout: 3168.459892 ms
[hardware_elf3-1] imu pud timeout: 3174.772978 ms
[hardware_elf3-1] imu pud timeout: 3180.331469 ms
[hardware_elf3-1] imu pud timeout: 3188.532352 ms
[hardware_elf3-1] imu pud timeout: 3194.775343 ms
[hardware_elf3-1] imu pud timeout: 3200.523615 ms
[hardware_elf3-1] imu pud timeout: 3208.499432 ms
[hardware_elf3-1] imu pud timeout: 3214.823961 ms
[hardware_elf3-1] imu pud timeout: 3220.673323 ms
[hardware_elf3-1] imu pud timeout: 3228.440523 ms
[hardware_elf3-1] imu pud timeout: 3234.838009 ms
[hardware_elf3-1] imu pud timeout: 3240.555763 ms
[hardware_elf3-1] imu pud timeout: 3248.502016 ms
[hardware_elf3-1] imu pud timeout: 3254.801273 ms
[hardware_elf3-1] imu pud timeout: 3260.428190 ms
[hardware_elf3-1] imu pud timeout: 3268.409014 ms
[hardware_elf3-1] imu pud timeout: 3274.847746 ms
[hardware_elf3-1] imu pud timeout: 3280.536890 ms
[hardware_elf3-1] imu pud timeout: 3288.406610 ms
[hardware_elf3-1] imu pud timeout: 3294.817448 ms
[hardware_elf3-1] imu pud timeout: 3300.427198 ms
[hardware_elf3-1] imu pud timeout: 3308.614969 ms
[hardware_elf3-1] imu pud timeout: 3314.818621 ms
[hardware_elf3-1] imu pud timeout: 3320.655346 ms
[hardware_elf3-1] imu pud timeout: 3328.554869 ms
[hardware_elf3-1] imu pud timeout: 3334.872961 ms
[hardware_elf3-1] imu pud timeout: 3340.768337 ms
[hardware_elf3-1] imu pud timeout: 3348.511934 ms
[hardware_elf3-1] imu pud timeout: 3354.884386 ms
[hardware_elf3-1] imu pud timeout: 3360.475063 ms
[hardware_elf3-1] imu pud timeout: 3368.488789 ms
[hardware_elf3-1] imu pud timeout: 3374.862909 ms
[hardware_elf3-1] imu pud timeout: 3380.618811 ms
[hardware_elf3-1] imu pud timeout: 3388.607264 ms
[hardware_elf3-1] imu pud timeout: 3394.878626 ms
[hardware_elf3-1] imu pud timeout: 3400.495529 ms
[hardware_elf3-1] imu pud timeout: 3408.584118 ms
[hardware_elf3-1] imu pud timeout: 3414.871454 ms
[hardware_elf3-1] imu pud timeout: 3420.813322 ms
[hardware_elf3-1] imu pud timeout: 3428.509712 ms
[hardware_elf3-1] imu pud timeout: 3434.897661 ms
[hardware_elf3-1] imu pud timeout: 3440.547943 ms
[hardware_elf3-1] imu pud timeout: 3448.514938 ms
[hardware_elf3-1] imu pud timeout: 3454.918623 ms
[hardware_elf3-1] imu pud timeout: 3460.832357 ms
[hardware_elf3-1] imu pud timeout: 3468.604803 ms
[hardware_elf3-1] imu pud timeout: 3474.930048 ms
[hardware_elf3-1] imu pud timeout: 3480.899811 ms
[hardware_elf3-1] imu pud timeout: 3488.564014 ms
[hardware_elf3-1] imu pud timeout: 3494.975805 ms
[hardware_elf3-1] imu pud timeout: 3500.884295 ms
[hardware_elf3-1] imu pud timeout: 3508.516788 ms
[hardware_elf3-1] imu pud timeout: 3514.976025 ms
[hardware_elf3-1] imu pud timeout: 3520.821095 ms
[hardware_elf3-1] imu pud timeout: 3528.676510 ms
[hardware_elf3-1] imu pud timeout: 3535.024643 ms
[hardware_elf3-1] imu pud timeout: 3540.603876 ms
[hardware_elf3-1] imu pud timeout: 3548.689604 ms
[hardware_elf3-1] imu pud timeout: 3555.051804 ms
[hardware_elf3-1] imu pud timeout: 3560.807228 ms
[hardware_elf3-1] imu pud timeout: 3568.697214 ms
[hardware_elf3-1] imu pud timeout: 3575.054884 ms
[hardware_elf3-1] imu pud timeout: 3580.595732 ms
[hardware_elf3-1] imu pud timeout: 3588.677168 ms
[hardware_elf3-1] imu pud timeout: 3595.048189 ms
[hardware_elf3-1] imu pud timeout: 3600.684643 ms
[hardware_elf3-1] imu pud timeout: 3608.560562 ms
[hardware_elf3-1] imu pud timeout: 3614.939213 ms
[hardware_elf3-1] imu pud timeout: 3620.601177 ms
[hardware_elf3-1] imu pud timeout: 3628.573418 ms
[hardware_elf3-1] imu pud timeout: 3634.948015 ms
[hardware_elf3-1] imu pud timeout: 3640.577793 ms
[hardware_elf3-1] imu pud timeout: 3648.478031 ms
[hardware_elf3-1] imu pud timeout: 3654.961348 ms
[hardware_elf3-1] imu pud timeout: 3660.602808 ms
[hardware_elf3-1] imu pud timeout: 3668.669224 ms
[hardware_elf3-1] imu pud timeout: 3674.967289 ms
[hardware_elf3-1] imu pud timeout: 3680.592060 ms
[hardware_elf3-1] imu pud timeout: 3688.673019 ms
[hardware_elf3-1] imu pud timeout: 3694.958925 ms
[hardware_elf3-1] imu pud timeout: 3700.646400 ms
[hardware_elf3-1] imu pud timeout: 3708.496809 ms
[hardware_elf3-1] imu pud timeout: 3714.974880 ms
[hardware_elf3-1] imu pud timeout: 3720.682859 ms
[hardware_elf3-1] imu pud timeout: 3728.507042 ms
[hardware_elf3-1] imu pud timeout: 3734.978437 ms
[hardware_elf3-1] imu pud timeout: 3740.610838 ms
[hardware_elf3-1] imu pud timeout: 3748.513460 ms
[hardware_elf3-1] imu pud timeout: 3755.012274 ms
[hardware_elf3-1] imu pud timeout: 3760.720968 ms
[hardware_elf3-1] imu pud timeout: 3768.528700 ms
[hardware_elf3-1] imu pud timeout: 3774.978399 ms
[hardware_elf3-1] imu pud timeout: 3780.867100 ms
[hardware_elf3-1] imu pud timeout: 3788.578749 ms
[hardware_elf3-1] imu pud timeout: 3795.043707 ms
[hardware_elf3-1] imu pud timeout: 3800.528049 ms
[hardware_elf3-1] imu pud timeout: 3808.495998 ms
[hardware_elf3-1] imu pud timeout: 3814.992666 ms
[hardware_elf3-1] imu pud timeout: 3820.938826 ms
[hardware_elf3-1] imu pud timeout: 3828.545809 ms
[hardware_elf3-1] imu pud timeout: 3835.037470 ms
[hardware_elf3-1] imu pud timeout: 3840.719938 ms
[hardware_elf3-1] imu pud timeout: 3848.652601 ms
[hardware_elf3-1] imu pud timeout: 3855.041742 ms
[hardware_elf3-1] imu pud timeout: 3860.772848 ms
[hardware_elf3-1] imu pud timeout: 3868.499994 ms
[hardware_elf3-1] imu pud timeout: 3875.054121 ms
[hardware_elf3-1] imu pud timeout: 3880.565882 ms
[hardware_elf3-1] imu pud timeout: 3888.704777 ms
[hardware_elf3-1] imu pud timeout: 3895.053864 ms
[hardware_elf3-1] imu pud timeout: 3900.778532 ms
[hardware_elf3-1] imu pud timeout: 3908.581018 ms
[hardware_elf3-1] imu pud timeout: 3915.076256 ms
[hardware_elf3-1] imu pud timeout: 3920.706034 ms
[hardware_elf3-1] imu pud timeout: 3928.579092 ms
[hardware_elf3-1] imu pud timeout: 3935.051203 ms
[hardware_elf3-1] imu pud timeout: 3940.714836 ms
[hardware_elf3-1] imu pud timeout: 3948.686123 ms
[hardware_elf3-1] imu pud timeout: 3955.042839 ms
[hardware_elf3-1] imu pud timeout: 3960.636616 ms
[hardware_elf3-1] imu pud timeout: 3968.643427 ms
[hardware_elf3-1] imu pud timeout: 3975.048542 ms
[hardware_elf3-1] imu pud timeout: 3980.877876 ms
[hardware_elf3-1] imu pud timeout: 3988.700867 ms
[hardware_elf3-1] imu pud timeout: 3995.058775 ms
[hardware_elf3-1] imu pud timeout: 4000.724554 ms
[hardware_elf3-1] imu pud timeout: 4008.618355 ms
[hardware_elf3-1] imu pud timeout: 4015.062809 ms
[hardware_elf3-1] imu pud timeout: 4020.972490 ms
[hardware_elf3-1] imu pud timeout: 4028.713942 ms
[hardware_elf3-1] imu pud timeout: 4035.102129 ms
[hardware_elf3-1] imu pud timeout: 4040.651798 ms
[hardware_elf3-1] imu pud timeout: 4048.623562 ms
[hardware_elf3-1] imu pud timeout: 4055.106878 ms
[hardware_elf3-1] imu pud timeout: 4061.042309 ms
[hardware_elf3-1] imu pud timeout: 4068.656921 ms
[hardware_elf3-1] imu pud timeout: 4075.118542 ms
[hardware_elf3-1] imu pud timeout: 4080.665350 ms
[hardware_elf3-1] imu pud timeout: 4088.669777 ms
[hardware_elf3-1] imu pud timeout: 4095.121861 ms
[hardware_elf3-1] imu pud timeout: 4100.929499 ms
[hardware_elf3-1] imu pud timeout: 4108.670235 ms
[hardware_elf3-1] imu pud timeout: 4115.164280 ms
[hardware_elf3-1] imu pud timeout: 4120.718718 ms
[hardware_elf3-1] imu pud timeout: 4128.712177 ms
[hardware_elf3-1] imu pud timeout: 4135.125160 ms
[hardware_elf3-1] imu pud timeout: 4140.869141 ms
[hardware_elf3-1] imu pud timeout: 4148.678064 ms
[hardware_elf3-1] imu pud timeout: 4155.133247 ms
[hardware_elf3-1] imu pud timeout: 4160.932779 ms
[hardware_elf3-1] imu pud timeout: 4168.724537 ms
[hardware_elf3-1] imu pud timeout: 4175.186872 ms
[hardware_elf3-1] imu pud timeout: 4181.001902 ms
[hardware_elf3-1] imu pud timeout: 4188.836813 ms
[hardware_elf3-1] imu pud timeout: 4195.193291 ms
[hardware_elf3-1] imu pud timeout: 4201.023340 ms
[hardware_elf3-1] imu pud timeout: 4208.643198 ms
[hardware_elf3-1] imu pud timeout: 4215.192318 ms
[hardware_elf3-1] imu pud timeout: 4220.717907 ms
[hardware_elf3-1] imu pud timeout: 4228.676319 ms
[hardware_elf3-1] imu pud timeout: 4235.175133 ms
[hardware_elf3-1] imu pud timeout: 4240.867615 ms
[hardware_elf3-1] imu pud timeout: 4248.840570 ms
[hardware_elf3-1] imu pud timeout: 4255.169392 ms
[hardware_elf3-1] imu pud timeout: 4260.713816 ms
[hardware_elf3-1] imu pud timeout: 4268.776417 ms
[hardware_elf3-1] imu pud timeout: 4275.191545 ms
[hardware_elf3-1] imu pud timeout: 4280.983686 ms
[hardware_elf3-1] imu pud timeout: 4288.641453 ms
[hardware_elf3-1] imu pud timeout: 4295.191050 ms
[hardware_elf3-1] imu pud timeout: 4300.878525 ms
[hardware_elf3-1] imu pud timeout: 4308.748007 ms
[hardware_elf3-1] imu pud timeout: 4315.233231 ms
[hardware_elf3-1] imu pud timeout: 4320.885181 ms
[hardware_elf3-1] imu pud timeout: 4328.754663 ms
[hardware_elf3-1] imu pud timeout: 4335.229635 ms
[hardware_elf3-1] imu pud timeout: 4340.890408 ms
[hardware_elf3-1] imu pud timeout: 4348.751307 ms
[hardware_elf3-1] imu pud timeout: 4355.208874 ms
[hardware_elf3-1] imu pud timeout: 4360.941172 ms
[hardware_elf3-1] imu pud timeout: 4368.767500 ms
[hardware_elf3-1] imu pud timeout: 4375.220060 ms
[hardware_elf3-1] imu pud timeout: 4380.782127 ms
[hardware_elf3-1] imu pud timeout: 4388.869286 ms
[hardware_elf3-1] imu pud timeout: 4395.219326 ms
[hardware_elf3-1] imu pud timeout: 4400.832891 ms
[hardware_elf3-1] imu pud timeout: 4408.803701 ms
[hardware_elf3-1] imu pud timeout: 4415.224791 ms
[hardware_elf3-1] imu pud timeout: 4420.812845 ms
[hardware_elf3-1] imu pud timeout: 4428.807497 ms
[hardware_elf3-1] imu pud timeout: 4435.238838 ms
[hardware_elf3-1] imu pud timeout: 4440.843105 ms
[hardware_elf3-1] imu pud timeout: 4448.930025 ms
[hardware_elf3-1] imu pud timeout: 4455.241203 ms
[hardware_elf3-1] imu pud timeout: 4460.945606 ms
[hardware_elf3-1] imu pud timeout: 4468.928814 ms
[hardware_elf3-1] imu pud timeout: 4475.358248 ms
[hardware_elf3-1] imu pud timeout: 4481.254816 ms
[hardware_elf3-1] imu pud timeout: 4489.037275 ms
[hardware_elf3-1] imu pud timeout: 4495.341301 ms
[hardware_elf3-1] imu pud timeout: 4501.204491 ms
[hardware_elf3-1] imu pud timeout: 4509.085894 ms
[hardware_elf3-1] imu pud timeout: 4515.349865 ms
[hardware_elf3-1] imu pud timeout: 4520.950317 ms
[hardware_elf3-1] imu pud timeout: 4528.811455 ms
[hardware_elf3-1] imu pud timeout: 4535.230398 ms
[hardware_elf3-1] imu pud timeout: 4540.950298 ms
[hardware_elf3-1] imu pud timeout: 4548.935175 ms
[bxi_example_py_elf3_demo-2] switch zero_torque -> pd_brake via inline:zero_torque.pd_brake_event (pd_brake_event)
[hardware_elf3-1] imu pud timeout: 4555.271864 ms
[hardware_elf3-1] imu pud timeout: 4560.942888 ms
[hardware_elf3-1] imu pud timeout: 4568.866253 ms
[hardware_elf3-1] imu pud timeout: 4575.303078 ms
[hardware_elf3-1] imu pud timeout: 4581.183434 ms
[hardware_elf3-1] imu pud timeout: 4588.853121 ms
[hardware_elf3-1] imu pud timeout: 4595.286369 ms
[hardware_elf3-1] imu pud timeout: 4600.897074 ms
[hardware_elf3-1] imu pud timeout: 4608.950615 ms
[hardware_elf3-1] imu pud timeout: 4615.287542 ms
[hardware_elf3-1] imu pud timeout: 4621.112585 ms
[hardware_elf3-1] imu pud timeout: 4629.100323 ms
[hardware_elf3-1] imu pud timeout: 4635.254145 ms
[hardware_elf3-1] imu pud timeout: 4640.953541 ms
[hardware_elf3-1] imu pud timeout: 4648.951054 ms
[hardware_elf3-1] imu pud timeout: 4655.262470 ms
[hardware_elf3-1] imu pud timeout: 4661.071062 ms
[hardware_elf3-1] imu pud timeout: 4668.958426 ms
[hardware_elf3-1] imu pud timeout: 4675.313473 ms
[hardware_elf3-1] imu pud timeout: 4681.129217 ms
[hardware_elf3-1] imu pud timeout: 4688.963890 ms
[hardware_elf3-1] imu pud timeout: 4695.276737 ms
[hardware_elf3-1] imu pud timeout: 4700.887203 ms
[hardware_elf3-1] imu pud timeout: 4708.967924 ms
[hardware_elf3-1] imu pud timeout: 4715.285063 ms
[hardware_elf3-1] imu pud timeout: 4721.081018 ms
[hardware_elf3-1] imu pud timeout: 4728.887320 ms
[hardware_elf3-1] imu pud timeout: 4735.290051 ms
[hardware_elf3-1] imu pud timeout: 4741.096735 ms
[hardware_elf3-1] imu pud timeout: 4749.037981 ms
[hardware_elf3-1] imu pud timeout: 4755.265236 ms
[hardware_elf3-1] imu pud timeout: 4761.045933 ms
[hardware_elf3-1] imu pud timeout: 4768.903732 ms
[hardware_elf3-1] imu pud timeout: 4775.341988 ms
[hardware_elf3-1] imu pud timeout: 4781.332016 ms
[hardware_elf3-1] imu pud timeout: 4788.946867 ms
[hardware_elf3-1] imu pud timeout: 4795.349598 ms
[hardware_elf3-1] imu pud timeout: 4801.093578 ms
[hardware_elf3-1] imu pud timeout: 4808.954954 ms
[hardware_elf3-1] imu pud timeout: 4815.354109 ms
[hardware_elf3-1] imu pud timeout: 4821.374655 ms
[hardware_elf3-1] imu pud timeout: 4829.004526 ms
[hardware_elf3-1] imu pud timeout: 4835.419178 ms
[hardware_elf3-1] imu pud timeout: 4841.347694 ms
[hardware_elf3-1] imu pud timeout: 4849.039793 ms
[hardware_elf3-1] imu pud timeout: 4855.409384 ms
[hardware_elf3-1] imu pud timeout: 4861.186981 ms
[hardware_elf3-1] imu pud timeout: 4869.138479 ms
[hardware_elf3-1] imu pud timeout: 4875.444651 ms
[hardware_elf3-1] imu pud timeout: 4881.135941 ms
[hardware_elf3-1] imu pud timeout: 4888.977528 ms
[hardware_elf3-1] imu pud timeout: 4895.379543 ms
[hardware_elf3-1] imu pud timeout: 4901.236296 ms
[hardware_elf3-1] imu pud timeout: 4909.196377 ms
[hardware_elf3-1] imu pud timeout: 4915.341854 ms
[hardware_elf3-1] imu pud timeout: 4921.182394 ms
[hardware_elf3-1] imu pud timeout: 4928.992271 ms
[hardware_elf3-1] imu pud timeout: 4935.390234 ms
[hardware_elf3-1] imu pud timeout: 4941.008091 ms
[hardware_elf3-1] imu pud timeout: 4949.106932 ms
[hardware_elf3-1] imu pud timeout: 4955.495834 ms
[hardware_elf3-1] imu pud timeout: 4961.018562 ms
[hardware_elf3-1] imu pud timeout: 4969.121695 ms
[hardware_elf3-1] imu pud timeout: 4975.368977 ms
[hardware_elf3-1] imu pud timeout: 4981.239796 ms
[hardware_elf3-1] imu pud timeout: 4989.017963 ms
[hardware_elf3-1] imu pud timeout: 4995.403767 ms
[hardware_elf3-1] imu pud timeout: 5001.247168 ms
[hardware_elf3-1] imu pud timeout: 5009.101868 ms
[hardware_elf3-1] imu pud timeout: 5015.412092 ms
[hardware_elf3-1] imu pud timeout: 5021.149397 ms
[hardware_elf3-1] imu pud timeout: 5029.112816 ms
[hardware_elf3-1] imu pud timeout: 5035.455942 ms
[hardware_elf3-1] imu pud timeout: 5041.178942 ms
[hardware_elf3-1] imu pud timeout: 5049.174547 ms
[hardware_elf3-1] imu pud timeout: 5055.428028 ms
[hardware_elf3-1] imu pud timeout: 5061.237574 ms
[hardware_elf3-1] imu pud timeout: 5069.020033 ms
[hardware_elf3-1] imu pud timeout: 5075.414181 ms
[hardware_elf3-1] imu pud timeout: 5081.247091 ms
[hardware_elf3-1] imu pud timeout: 5088.916540 ms
[hardware_elf3-1] imu pud timeout: 5095.416784 ms
[hardware_elf3-1] imu pud timeout: 5101.289511 ms
[hardware_elf3-1] imu pud timeout: 5109.039068 ms
[hardware_elf3-1] imu pud timeout: 5115.452290 ms
[hardware_elf3-1] imu pud timeout: 5121.135712 ms
[hardware_elf3-1] imu pud timeout: 5129.141808 ms
[hardware_elf3-1] imu pud timeout: 5135.422707 ms
[hardware_elf3-1] imu pud timeout: 5141.148806 ms
[hardware_elf3-1] imu pud timeout: 5149.110317 ms
[hardware_elf3-1] imu pud timeout: 5155.425549 ms
[hardware_elf3-1] imu pud timeout: 5161.253214 ms
[hardware_elf3-1] imu pud timeout: 5169.034004 ms
[hardware_elf3-1] imu pud timeout: 5175.435781 ms
[hardware_elf3-1] imu pud timeout: 5181.473494 ms
[hardware_elf3-1] imu pud timeout: 5189.117432 ms
[hardware_elf3-1] imu pud timeout: 5195.451736 ms
[hardware_elf3-1] imu pud timeout: 5201.348066 ms
[hardware_elf3-1] imu pud timeout: 5209.037542 ms
[hardware_elf3-1] imu pud timeout: 5215.451241 ms
[hardware_elf3-1] imu pud timeout: 5221.198559 ms
[hardware_elf3-1] imu pud timeout: 5229.130507 ms
[hardware_elf3-1] imu pud timeout: 5235.425949 ms
[hardware_elf3-1] imu pud timeout: 5241.333485 ms
[hardware_elf3-1] imu pud timeout: 5249.141216 ms
[hardware_elf3-1] imu pud timeout: 5255.424738 ms
[hardware_elf3-1] imu pud timeout: 5261.140347 ms
[hardware_elf3-1] imu pud timeout: 5269.064188 ms
[hardware_elf3-1] imu pud timeout: 5275.434256 ms
[hardware_elf3-1] imu pud timeout: 5281.029224 ms
[hardware_elf3-1] imu pud timeout: 5289.155483 ms
[hardware_elf3-1] imu pud timeout: 5295.443773 ms
[hardware_elf3-1] imu pud timeout: 5301.176786 ms
[hardware_elf3-1] imu pud timeout: 5309.202433 ms
[hardware_elf3-1] imu pud timeout: 5315.475464 ms
[hardware_elf3-1] imu pud timeout: 5321.178436 ms
[hardware_elf3-1] imu pud timeout: 5329.085827 ms
[hardware_elf3-1] imu pud timeout: 5335.489035 ms
[hardware_elf3-1] imu pud timeout: 5341.312885 ms
[hardware_elf3-1] imu pud timeout: 5349.092484 ms
[hardware_elf3-1] imu pud timeout: 5355.526686 ms
[hardware_elf3-1] imu pud timeout: 5361.240387 ms
[hardware_elf3-1] imu pud timeout: 5369.205475 ms
[hardware_elf3-1] imu pud timeout: 5375.496626 ms
[hardware_elf3-1] imu pud timeout: 5381.300211 ms
[hardware_elf3-1] imu pud timeout: 5389.242172 ms
[hardware_elf3-1] imu pud timeout: 5395.470142 ms
[hardware_elf3-1] imu pud timeout: 5401.230574 ms
[hardware_elf3-1] imu pud timeout: 5409.011126 ms
[hardware_elf3-1] imu pud timeout: 5415.515423 ms
[hardware_elf3-1] imu pud timeout: 5421.237469 ms
[hardware_elf3-1] imu pud timeout: 5429.194450 ms
[hardware_elf3-1] imu pud timeout: 5435.518026 ms
[hardware_elf3-1] imu pud timeout: 5441.201448 ms
[hardware_elf3-1] imu pud timeout: 5449.265718 ms
[hardware_elf3-1] imu pud timeout: 5455.488443 ms
[hardware_elf3-1] imu pud timeout: 5461.405993 ms
[hardware_elf3-1] imu pud timeout: 5469.219685 ms
[hardware_elf3-1] imu pud timeout: 5475.559235 ms
[hardware_elf3-1] imu pud timeout: 5481.652260 ms
[hardware_elf3-1] imu pud timeout: 5489.212513 ms
[hardware_elf3-1] imu pud timeout: 5495.534182 ms
[hardware_elf3-1] imu pud timeout: 5501.326323 ms
[hardware_elf3-1] imu pud timeout: 5509.304523 ms
[hardware_elf3-1] imu pud timeout: 5515.543222 ms
[hardware_elf3-1] imu pud timeout: 5521.426916 ms
[hardware_elf3-1] imu pud timeout: 5529.274940 ms
[hardware_elf3-1] imu pud timeout: 5535.515070 ms
[hardware_elf3-1] imu pud timeout: 5541.231632 ms
[hardware_elf3-1] imu pud timeout: 5549.041510 ms
[hardware_elf3-1] imu pud timeout: 5555.528641 ms
[hardware_elf3-1] imu pud timeout: 5561.383963 ms
[hardware_elf3-1] imu pud timeout: 5569.166183 ms
[hardware_elf3-1] imu pud timeout: 5575.524569 ms
[hardware_elf3-1] imu pud timeout: 5581.212282 ms
[hardware_elf3-1] imu pud timeout: 5589.293480 ms
[hardware_elf3-1] imu pud timeout: 5595.689297 ms
[hardware_elf3-1] imu pud timeout: 5601.796150 ms
[hardware_elf3-1] imu pud timeout: 5609.502077 ms
[hardware_elf3-1] imu pud timeout: 5615.734577 ms
[hardware_elf3-1] imu pud timeout: 5621.495724 ms
[hardware_elf3-1] imu pud timeout: 5629.565954 ms
[hardware_elf3-1] imu pud timeout: 5635.747671 ms
[hardware_elf3-1] imu pud timeout: 5641.544104 ms
[hardware_elf3-1] imu pud timeout: 5649.375677 ms
[hardware_elf3-1] imu pud timeout: 5655.568123 ms
[hardware_elf3-1] imu pud timeout: 5661.324739 ms
[hardware_elf3-1] imu pud timeout: 5669.564486 ms
[hardware_elf3-1] imu pud timeout: 5675.753117 ms
[hardware_elf3-1] imu pud timeout: 5681.555033 ms
[hardware_elf3-1] imu pud timeout: 5689.324379 ms
[hardware_elf3-1] imu pud timeout: 5695.763111 ms
[hardware_elf3-1] imu pud timeout: 5701.521397 ms
[hardware_elf3-1] imu pud timeout: 5709.322453 ms
[hardware_elf3-1] imu pud timeout: 5715.707302 ms
[hardware_elf3-1] imu pud timeout: 5721.330881 ms
[hardware_elf3-1] imu pud timeout: 5729.531765 ms
[hardware_elf3-1] imu pud timeout: 5735.729456 ms
[hardware_elf3-1] imu pud timeout: 5741.841078 ms
[hardware_elf3-1] imu pud timeout: 5749.355555 ms
[hardware_elf3-1] imu pud timeout: 5755.712986 ms
[hardware_elf3-1] imu pud timeout: 5761.819124 ms
[hardware_elf3-1] imu pud timeout: 5769.215107 ms
[hardware_elf3-1] imu pud timeout: 5775.698185 ms
[hardware_elf3-1] imu pud timeout: 5781.427383 ms
[hardware_elf3-1] imu pud timeout: 5789.207935 ms
[hardware_elf3-1] imu pud timeout: 5795.614004 ms
[hardware_elf3-1] imu pud timeout: 5801.154613 ms
[hardware_elf3-1] imu pud timeout: 5809.207916 ms
[hardware_elf3-1] imu pud timeout: 5815.679550 ms
[hardware_elf3-1] imu pud timeout: 5821.404696 ms
[hardware_elf3-1] imu pud timeout: 5829.276800 ms
[hardware_elf3-1] imu pud timeout: 5835.684538 ms
[hardware_elf3-1] imu pud timeout: 5841.551065 ms
[hardware_elf3-1] imu pud timeout: 5849.204540 ms
[hardware_elf3-1] imu pud timeout: 5855.655432 ms
[hardware_elf3-1] imu pud timeout: 5861.808538 ms
[hardware_elf3-1] imu pud timeout: 5869.358301 ms
[hardware_elf3-1] imu pud timeout: 5875.657082 ms
[hardware_elf3-1] imu pud timeout: 5881.562233 ms
[hardware_elf3-1] imu pud timeout: 5889.263868 ms
[hardware_elf3-1] imu pud timeout: 5895.664930 ms
[hardware_elf3-1] imu pud timeout: 5901.505709 ms
[hardware_elf3-1] imu pud timeout: 5909.254789 ms
[hardware_elf3-1] imu pud timeout: 5915.658712 ms
[hardware_elf3-1] imu pud timeout: 5921.641588 ms
[hardware_elf3-1] imu pud timeout: 5929.222584 ms
[hardware_elf3-1] imu pud timeout: 5935.676098 ms
[hardware_elf3-1] imu pud timeout: 5941.523075 ms
[hardware_elf3-1] imu pud timeout: 5949.297667 ms
[hardware_elf3-1] imu pud timeout: 5955.682993 ms
[hardware_elf3-1] imu pud timeout: 5961.276531 ms
[hardware_elf3-1] imu pud timeout: 5969.306469 ms
[hardware_elf3-1] imu pud timeout: 5975.689411 ms
[hardware_elf3-1] imu pud timeout: 5981.400490 ms
[hardware_elf3-1] imu pud timeout: 5989.305258 ms
[hardware_elf3-1] imu pud timeout: 5995.701075 ms
[hardware_elf3-1] imu pud timeout: 6001.705885 ms
[hardware_elf3-1] imu pud timeout: 6009.377480 ms
[hardware_elf3-1] imu pud timeout: 6015.698910 ms
[hardware_elf3-1] imu pud timeout: 6021.312714 ms
[hardware_elf3-1] imu pud timeout: 6029.476404 ms
[hardware_elf3-1] imu pud timeout: 6035.779715 ms
[hardware_elf3-1] imu pud timeout: 6041.486979 ms
[hardware_elf3-1] imu pud timeout: 6049.409628 ms
[hardware_elf3-1] imu pud timeout: 6055.715799 ms
[hardware_elf3-1] imu pud timeout: 6061.606407 ms
[hardware_elf3-1] imu pud timeout: 6069.455385 ms
[hardware_elf3-1] imu pud timeout: 6075.718164 ms
[hardware_elf3-1] imu pud timeout: 6081.551313 ms
[hardware_elf3-1] imu pud timeout: 6089.347601 ms
[hardware_elf3-1] imu pud timeout: 6095.726013 ms
[hardware_elf3-1] imu pud timeout: 6101.638317 ms
[hardware_elf3-1] imu pud timeout: 6109.453440 ms
[hardware_elf3-1] imu pud timeout: 6115.730762 ms
[hardware_elf3-1] imu pud timeout: 6121.476650 ms
[hardware_elf3-1] imu pud timeout: 6129.502773 ms
[hardware_elf3-1] imu pud timeout: 6135.769606 ms
[hardware_elf3-1] imu pud timeout: 6141.504288 ms
[hardware_elf3-1] imu pud timeout: 6149.504900 ms
[hardware_elf3-1] imu pud timeout: 6155.725241 ms
[hardware_elf3-1] imu pud timeout: 6161.934137 ms
[hardware_elf3-1] imu pud timeout: 6169.409275 ms
[hardware_elf3-1] imu pud timeout: 6175.812483 ms
[hardware_elf3-1] imu pud timeout: 6181.613445 ms
[hardware_elf3-1] imu pud timeout: 6189.523220 ms
[hardware_elf3-1] imu pud timeout: 6195.877552 ms
[hardware_elf3-1] imu pud timeout: 6201.468468 ms
[hardware_elf3-1] imu pud timeout: 6209.494352 ms
[hardware_elf3-1] imu pud timeout: 6215.765953 ms
[hardware_elf3-1] imu pud timeout: 6221.641779 ms
[hardware_elf3-1] imu pud timeout: 6229.498625 ms
[hardware_elf3-1] imu pud timeout: 6235.770464 ms
[hardware_elf3-1] imu pud timeout: 6241.779804 ms
[hardware_elf3-1] imu pud timeout: 6249.605656 ms
[hardware_elf3-1] imu pud timeout: 6255.788326 ms
[hardware_elf3-1] imu pud timeout: 6261.578560 ms
[hardware_elf3-1] imu pud timeout: 6269.495249 ms
[hardware_elf3-1] imu pud timeout: 6275.800228 ms
[hardware_elf3-1] imu pud timeout: 6281.494379 ms
[hardware_elf3-1] imu pud timeout: 6289.497375 ms
[hardware_elf3-1] imu pud timeout: 6295.776129 ms
[hardware_elf3-1] imu pud timeout: 6301.524639 ms
[hardware_elf3-1] imu pud timeout: 6309.562683 ms
[hardware_elf3-1] imu pud timeout: 6315.830946 ms
[hardware_elf3-1] imu pud timeout: 6321.740150 ms
[hardware_elf3-1] imu pud timeout: 6329.496622 ms
[hardware_elf3-1] imu pud timeout: 6335.809708 ms
[hardware_elf3-1] imu pud timeout: 6341.501951 ms
[hardware_elf3-1] imu pud timeout: 6349.292755 ms
[hardware_elf3-1] imu pud timeout: 6355.812073 ms
[hardware_elf3-1] imu pud timeout: 6361.599207 ms
[hardware_elf3-1] imu pud timeout: 6369.441032 ms
[hardware_elf3-1] imu pud timeout: 6375.818491 ms
[hardware_elf3-1] imu pud timeout: 6381.637573 ms
[hardware_elf3-1] imu pud timeout: 6389.529943 ms
[hardware_elf3-1] imu pud timeout: 6395.785809 ms
[hardware_elf3-1] imu pud timeout: 6401.377201 ms
[hardware_elf3-1] imu pud timeout: 6409.486055 ms
[hardware_elf3-1] imu pud timeout: 6415.831089 ms
[hardware_elf3-1] imu pud timeout: 6421.502829 ms
[hardware_elf3-1] imu pud timeout: 6429.403782 ms
[hardware_elf3-1] imu pud timeout: 6435.793400 ms
[hardware_elf3-1] imu pud timeout: 6441.311598 ms
[hardware_elf3-1] imu pud timeout: 6449.530363 ms
[hardware_elf3-1] imu pud timeout: 6455.794811 ms
[hardware_elf3-1] imu pud timeout: 6461.681843 ms
[hardware_elf3-1] imu pud timeout: 6469.541550 ms
[hardware_elf3-1] imu pud timeout: 6475.889206 ms
[hardware_elf3-1] imu pud timeout: 6481.485844 ms
[hardware_elf3-1] imu pud timeout: 6489.511490 ms
[hardware_elf3-1] imu pud timeout: 6495.872498 ms
[hardware_elf3-1] imu pud timeout: 6501.574516 ms
[hardware_elf3-1] imu pud timeout: 6509.653330 ms
[hardware_elf3-1] imu pud timeout: 6515.988350 ms
[hardware_elf3-1] imu pud timeout: 6521.579266 ms
[hardware_elf3-1] imu pud timeout: 6529.577017 ms
[hardware_elf3-1] imu pud timeout: 6535.955429 ms
[hardware_elf3-1] imu pud timeout: 6541.570663 ms
[hardware_elf3-1] imu pud timeout: 6549.607754 ms
[hardware_elf3-1] imu pud timeout: 6555.864573 ms
[hardware_elf3-1] imu pud timeout: 6562.021255 ms
[hardware_elf3-1] imu pud timeout: 6569.594622 ms
[hardware_elf3-1] imu pud timeout: 6575.920582 ms
[hardware_elf3-1] imu pud timeout: 6581.755638 ms
[hardware_elf3-1] imu pud timeout: 6589.644909 ms
[hardware_elf3-1] imu pud timeout: 6595.971823 ms
[hardware_elf3-1] imu pud timeout: 6601.742506 ms
[hardware_elf3-1] imu pud timeout: 6609.593391 ms
[hardware_elf3-1] imu pud timeout: 6616.018534 ms
[hardware_elf3-1] imu pud timeout: 6621.917486 ms
[hardware_elf3-1] imu pud timeout: 6629.650116 ms
[hardware_elf3-1] imu pud timeout: 6635.972977 ms
[hardware_elf3-1] imu pud timeout: 6641.983509 ms
[hardware_elf3-1] imu pud timeout: 6649.588823 ms
[hardware_elf3-1] imu pud timeout: 6656.014204 ms
[hardware_elf3-1] imu pud timeout: 6662.192583 ms
[hardware_elf3-1] imu pud timeout: 6669.606924 ms
[hardware_elf3-1] imu pud timeout: 6675.940275 ms
[hardware_elf3-1] imu pud timeout: 6681.728840 ms
[hardware_elf3-1] imu pud timeout: 6689.633608 ms
[hardware_elf3-1] imu pud timeout: 6696.013212 ms
[hardware_elf3-1] imu pud timeout: 6701.775551 ms
[hardware_elf3-1] imu pud timeout: 6709.673166 ms
[hardware_elf3-1] imu pud timeout: 6716.025352 ms
[hardware_elf3-1] imu pud timeout: 6722.023964 ms
[hardware_elf3-1] imu pud timeout: 6729.658365 ms
[hardware_elf3-1] imu pud timeout: 6735.933781 ms
[hardware_elf3-1] imu pud timeout: 6741.764307 ms
[hardware_elf3-1] imu pud timeout: 6749.637127 ms
[hardware_elf3-1] imu pud timeout: 6755.923986 ms
[hardware_elf3-1] imu pud timeout: 6761.732578 ms
[hardware_elf3-1] imu pud timeout: 6769.722223 ms
[hardware_elf3-1] imu pud timeout: 6776.057959 ms
[hardware_elf3-1] imu pud timeout: 6781.938076 ms
[hardware_elf3-1] imu pud timeout: 6789.610147 ms
[hardware_elf3-1] imu pud timeout: 6796.144247 ms
[hardware_elf3-1] imu pud timeout: 6801.997185 ms
[hardware_elf3-1] imu pud timeout: 6809.620142 ms
[hardware_elf3-1] imu pud timeout: 6816.135883 ms
[hardware_elf3-1] imu pud timeout: 6821.736574 ms
[hardware_elf3-1] imu pud timeout: 6829.622507 ms
[hardware_elf3-1] imu pud timeout: 6836.143017 ms
[hardware_elf3-1] imu pud timeout: 6842.155218 ms
[hardware_elf3-1] imu pud timeout: 6849.576712 ms
[hardware_elf3-1] imu pud timeout: 6856.049538 ms
[hardware_elf3-1] imu pud timeout: 6862.151146 ms
[hardware_elf3-1] imu pud timeout: 6869.641542 ms
[hardware_elf3-1] imu pud timeout: 6876.008034 ms
[hardware_elf3-1] imu pud timeout: 6881.753445 ms
[hardware_elf3-1] imu pud timeout: 6889.657974 ms
[hardware_elf3-1] imu pud timeout: 6896.052599 ms
[hardware_elf3-1] imu pud timeout: 6901.750326 ms
[hardware_elf3-1] imu pud timeout: 6909.666061 ms
[hardware_elf3-1] imu pud timeout: 6916.141033 ms
[hardware_elf3-1] imu pud timeout: 6922.363043 ms
[hardware_elf3-1] imu pud timeout: 6929.649591 ms
[hardware_elf3-1] imu pud timeout: 6936.014891 ms
[hardware_elf3-1] imu pud timeout: 6941.932201 ms
[hardware_elf3-1] imu pud timeout: 6949.698925 ms
[hardware_elf3-1] imu pud timeout: 6956.036568 ms
[hardware_elf3-1] imu pud timeout: 6961.943150 ms
[hardware_elf3-1] imu pud timeout: 6969.752312 ms
[hardware_elf3-1] imu pud timeout: 6976.028919 ms
[hardware_elf3-1] imu pud timeout: 6981.902838 ms
[hardware_elf3-1] imu pud timeout: 6989.769936 ms
[hardware_elf3-1] imu pud timeout: 6996.089935 ms
[hardware_elf3-1] imu pud timeout: 7001.770973 ms
[hardware_elf3-1] imu pud timeout: 7009.715796 ms
[hardware_elf3-1] imu pud timeout: 7016.054869 ms
[hardware_elf3-1] imu pud timeout: 7021.955490 ms
[hardware_elf3-1] imu pud timeout: 7029.724360 ms
[hardware_elf3-1] imu pud timeout: 7036.038876 ms
[hardware_elf3-1] imu pud timeout: 7041.591406 ms
[hardware_elf3-1] imu pud timeout: 7049.656391 ms
[hardware_elf3-1] imu pud timeout: 7056.020021 ms
[hardware_elf3-1] imu pud timeout: 7061.517000 ms
[hardware_elf3-1] imu pud timeout: 7069.681883 ms
[hardware_elf3-1] imu pud timeout: 7076.031208 ms
[hardware_elf3-1] imu pud timeout: 7081.942797 ms
[hardware_elf3-1] imu pud timeout: 7089.693546 ms
[hardware_elf3-1] imu pud timeout: 7096.025467 ms
[hardware_elf3-1] imu pud timeout: 7101.753712 ms
[hardware_elf3-1] imu pud timeout: 7109.614611 ms
[hardware_elf3-1] imu pud timeout: 7116.032362 ms
[hardware_elf3-1] imu pud timeout: 7121.877670 ms
[hardware_elf3-1] imu pud timeout: 7129.660606 ms
[hardware_elf3-1] imu pud timeout: 7136.079073 ms
[hardware_elf3-1] imu pud timeout: 7141.891956 ms
[hardware_elf3-1] imu pud timeout: 7149.615526 ms
[hardware_elf3-1] imu pud timeout: 7156.126261 ms
[hardware_elf3-1] imu pud timeout: 7162.169695 ms
[hardware_elf3-1] imu pud timeout: 7169.774294 ms
[hardware_elf3-1] imu pud timeout: 7176.052570 ms
[hardware_elf3-1] imu pud timeout: 7181.822062 ms
[hardware_elf3-1] imu pud timeout: 7189.732552 ms
[hardware_elf3-1] imu pud timeout: 7196.094513 ms
[hardware_elf3-1] imu pud timeout: 7202.006817 ms
[hardware_elf3-1] imu pud timeout: 7209.819078 ms
[hardware_elf3-1] imu pud timeout: 7216.093063 ms
[hardware_elf3-1] imu pud timeout: 7221.905947 ms
[hardware_elf3-1] imu pud timeout: 7229.738712 ms
[hardware_elf3-1] imu pud timeout: 7236.071587 ms
[hardware_elf3-1] imu pud timeout: 7242.035627 ms
[hardware_elf3-1] imu pud timeout: 7249.800205 ms
[hardware_elf3-1] imu pud timeout: 7256.103277 ms
[hardware_elf3-1] imu pud timeout: 7261.781931 ms
[hardware_elf3-1] imu pud timeout: 7269.976377 ms
[hardware_elf3-1] imu pud timeout: 7276.042461 ms
[hardware_elf3-1] imu pud timeout: 7282.261372 ms
[hardware_elf3-1] imu pud timeout: 7289.769888 ms
[hardware_elf3-1] imu pud timeout: 7296.086550 ms
[hardware_elf3-1] imu pud timeout: 7301.918983 ms
[hardware_elf3-1] imu pud timeout: 7309.760809 ms
[hardware_elf3-1] imu pud timeout: 7316.062689 ms
[hardware_elf3-1] imu pud timeout: 7322.577953 ms
[hardware_elf3-1] imu pud timeout: 7329.775095 ms
[hardware_elf3-1] imu pud timeout: 7336.106539 ms
[hardware_elf3-1] imu pud timeout: 7341.881275 ms
[hardware_elf3-1] imu pud timeout: 7349.777699 ms
[hardware_elf3-1] imu pud timeout: 7356.109858 ms
[hardware_elf3-1] imu pud timeout: 7362.018108 ms
[hardware_elf3-1] imu pud timeout: 7369.804144 ms
[hardware_elf3-1] imu pud timeout: 7376.107931 ms
[hardware_elf3-1] imu pud timeout: 7381.912231 ms
[hardware_elf3-1] imu pud timeout: 7389.903307 ms
[hardware_elf3-1] imu pud timeout: 7396.082163 ms
[hardware_elf3-1] imu pud timeout: 7402.021408 ms
[hardware_elf3-1] imu pud timeout: 7409.874678 ms
[hardware_elf3-1] imu pud timeout: 7416.094542 ms
[hardware_elf3-1] imu pud timeout: 7421.878576 ms
[hardware_elf3-1] imu pud timeout: 7429.702044 ms
[hardware_elf3-1] imu pud timeout: 7436.126947 ms
[hardware_elf3-1] imu pud timeout: 7442.118406 ms
[hardware_elf3-1] imu pud timeout: 7449.852943 ms
[hardware_elf3-1] imu pud timeout: 7456.132412 ms
[hardware_elf3-1] imu pud timeout: 7462.044239 ms
[hardware_elf3-1] imu pud timeout: 7469.975471 ms
[hardware_elf3-1] imu pud timeout: 7476.100922 ms
[hardware_elf3-1] imu pud timeout: 7481.713772 ms
[hardware_elf3-1] imu pud timeout: 7489.720106 ms
[hardware_elf3-1] imu pud timeout: 7496.117592 ms
[hardware_elf3-1] imu pud timeout: 7502.159119 ms
[hardware_elf3-1] imu pud timeout: 7509.776354 ms
[hardware_elf3-1] imu pud timeout: 7516.191959 ms
[hardware_elf3-1] imu pud timeout: 7521.956682 ms
[hardware_elf3-1] imu pud timeout: 7529.939890 ms
[hardware_elf3-1] imu pud timeout: 7536.205530 ms
[hardware_elf3-1] imu pud timeout: 7541.640997 ms
[hardware_elf3-1] imu pud timeout: 7549.849987 ms
[hardware_elf3-1] imu pud timeout: 7556.190729 ms
[hardware_elf3-1] imu pud timeout: 7561.871529 ms
[hardware_elf3-1] imu pud timeout: 7569.640398 ms
[hardware_elf3-1] imu pud timeout: 7576.166868 ms
[hardware_elf3-1] imu pud timeout: 7581.997395 ms
[hardware_elf3-1] imu pud timeout: 7589.711666 ms
[hardware_elf3-1] imu pud timeout: 7596.138239 ms
[hardware_elf3-1] imu pud timeout: 7601.921082 ms
[hardware_elf3-1] imu pud timeout: 7609.714746 ms
[hardware_elf3-1] imu pud timeout: 7616.152048 ms
[hardware_elf3-1] imu pud timeout: 7622.008085 ms
[hardware_elf3-1] imu pud timeout: 7629.873991 ms
[hardware_elf3-1] imu pud timeout: 7636.220455 ms
[hardware_elf3-1] imu pud timeout: 7642.210007 ms
[hardware_elf3-1] imu pud timeout: 7649.695396 ms
[hardware_elf3-1] imu pud timeout: 7656.241179 ms
[hardware_elf3-1] imu pud timeout: 7662.142277 ms
[hardware_elf3-1] imu pud timeout: 7669.876337 ms
[hardware_elf3-1] imu pud timeout: 7676.199436 ms
[hardware_elf3-1] imu pud timeout: 7682.025194 ms
[hardware_elf3-1] imu pud timeout: 7689.841270 ms
[hardware_elf3-1] imu pud timeout: 7696.201324 ms
[hardware_elf3-1] imu pud timeout: 7702.217340 ms
[hardware_elf3-1] imu pud timeout: 7709.972858 ms
[hardware_elf3-1] imu pud timeout: 7716.216564 ms
[hardware_elf3-1] imu pud timeout: 7722.279787 ms
[hardware_elf3-1] imu pud timeout: 7729.929447 ms
[hardware_elf3-1] imu pud timeout: 7736.222506 ms
[hardware_elf3-1] imu pud timeout: 7742.004871 ms
[hardware_elf3-1] imu pud timeout: 7749.832392 ms
[hardware_elf3-1] imu pud timeout: 7756.233454 ms
[hardware_elf3-1] imu pud timeout: 7762.025833 ms
[hardware_elf3-1] imu pud timeout: 7769.948959 ms
[hardware_elf3-1] imu pud timeout: 7776.237488 ms
[hardware_elf3-1] imu pud timeout: 7782.028675 ms
[hardware_elf3-1] imu pud timeout: 7789.990902 ms
[hardware_elf3-1] imu pud timeout: 7796.158314 ms
[hardware_elf3-1] imu pud timeout: 7801.995516 ms
[hardware_elf3-1] imu pud timeout: 7809.605360 ms
[hardware_elf3-1] imu pud timeout: 7816.205263 ms
[hardware_elf3-1] imu pud timeout: 7821.947098 ms
[hardware_elf3-1] imu pud timeout: 7829.632044 ms
[hardware_elf3-1] imu pud timeout: 7836.206675 ms
[hardware_elf3-1] imu pud timeout: 7841.722965 ms
[hardware_elf3-1] imu pud timeout: 7849.784851 ms
[hardware_elf3-1] imu pud timeout: 7856.217146 ms
[hardware_elf3-1] imu pud timeout: 7861.955643 ms
[hardware_elf3-1] imu pud timeout: 7869.795799 ms
[hardware_elf3-1] imu pud timeout: 7876.219749 ms
[hardware_elf3-1] imu pud timeout: 7881.861448 ms
[hardware_elf3-1] imu pud timeout: 7889.804125 ms
[hardware_elf3-1] imu pud timeout: 7896.225214 ms
[hardware_elf3-1] imu pud timeout: 7901.942015 ms
[hardware_elf3-1] imu pud timeout: 7909.916639 ms
[hardware_elf3-1] imu pud timeout: 7916.236401 ms
[hardware_elf3-1] imu pud timeout: 7921.977043 ms
[hardware_elf3-1] imu pud timeout: 7929.749012 ms
[hardware_elf3-1] imu pud timeout: 7936.242342 ms
[hardware_elf3-1] imu pud timeout: 7941.867828 ms
[hardware_elf3-1] imu pud timeout: 7949.848175 ms
[hardware_elf3-1] imu pud timeout: 7956.218243 ms
[hardware_elf3-1] imu pud timeout: 7962.027788 ms
[hardware_elf3-1] imu pud timeout: 7969.869375 ms
[hardware_elf3-1] imu pud timeout: 7976.218224 ms
[hardware_elf3-1] imu pud timeout: 7981.858253 ms
[hardware_elf3-1] imu pud timeout: 7989.759922 ms
[hardware_elf3-1] imu pud timeout: 7996.260166 ms
[hardware_elf3-1] imu pud timeout: 8002.229452 ms
[hardware_elf3-1] imu pud timeout: 8009.717941 ms
[hardware_elf3-1] imu pud timeout: 8016.234159 ms
[hardware_elf3-1] imu pud timeout: 8022.176266 ms
[hardware_elf3-1] imu pud timeout: 8029.887915 ms
[hardware_elf3-1] imu pud timeout: 8036.269903 ms
[hardware_elf3-1] imu pud timeout: 8042.052031 ms
[hardware_elf3-1] imu pud timeout: 8049.930096 ms
[hardware_elf3-1] imu pud timeout: 8056.305885 ms
[hardware_elf3-1] imu pud timeout: 8062.050104 ms
[hardware_elf3-1] imu pud timeout: 8069.999695 ms
[hardware_elf3-1] imu pud timeout: 8076.282740 ms
[hardware_elf3-1] imu pud timeout: 8082.269907 ms
[hardware_elf3-1] imu pud timeout: 8089.961529 ms
[hardware_elf3-1] imu pud timeout: 8096.275568 ms
[hardware_elf3-1] imu pud timeout: 8101.997852 ms
[hardware_elf3-1] imu pud timeout: 8109.966755 ms
[hardware_elf3-1] imu pud timeout: 8116.289377 ms
[hardware_elf3-1] imu pud timeout: 8122.068405 ms
[hardware_elf3-1] imu pud timeout: 8129.793644 ms
[hardware_elf3-1] imu pud timeout: 8136.302710 ms
[hardware_elf3-1] imu pud timeout: 8142.130136 ms
[hardware_elf3-1] imu pud timeout: 8149.926424 ms
[hardware_elf3-1] imu pud timeout: 8156.320810 ms
[hardware_elf3-1] imu pud timeout: 8162.139893 ms
[hardware_elf3-1] imu pud timeout: 8170.099258 ms
[hardware_elf3-1] imu pud timeout: 8176.300526 ms
[hardware_elf3-1] imu pud timeout: 8182.112217 ms
[hardware_elf3-1] imu pud timeout: 8190.019131 ms
[hardware_elf3-1] imu pud timeout: 8196.283340 ms
[hardware_elf3-1] imu pud timeout: 8202.514172 ms
[hardware_elf3-1] imu pud timeout: 8209.890366 ms
[hardware_elf3-1] imu pud timeout: 8216.285467 ms
[hardware_elf3-1] imu pud timeout: 8222.114325 ms
[hardware_elf3-1] imu pud timeout: 8230.186701 ms
[hardware_elf3-1] imu pud timeout: 8236.292362 ms
[hardware_elf3-1] imu pud timeout: 8242.126942 ms
[hardware_elf3-1] imu pud timeout: 8250.025272 ms
[hardware_elf3-1] imu pud timeout: 8256.298542 ms
[hardware_elf3-1] imu pud timeout: 8262.208939 ms
[hardware_elf3-1] imu pud timeout: 8270.063877 ms
[hardware_elf3-1] imu pud timeout: 8276.337385 ms
[hardware_elf3-1] imu pud timeout: 8282.247066 ms
[hardware_elf3-1] imu pud timeout: 8290.066481 ms
[hardware_elf3-1] imu pud timeout: 8296.347857 ms
[hardware_elf3-1] imu pud timeout: 8302.110910 ms
[hardware_elf3-1] imu pud timeout: 8310.075760 ms
[hardware_elf3-1] imu pud timeout: 8316.417217 ms
[hardware_elf3-1] imu pud timeout: 8322.282314 ms
[hardware_elf3-1] imu pud timeout: 8330.109596 ms
[hardware_elf3-1] imu pud timeout: 8336.358786 ms
[hardware_elf3-1] imu pud timeout: 8342.393160 ms
[hardware_elf3-1] imu pud timeout: 8350.094795 ms
[hardware_elf3-1] imu pud timeout: 8356.343508 ms
[hardware_elf3-1] imu pud timeout: 8362.202406 ms
[hardware_elf3-1] imu pud timeout: 8370.182276 ms
[hardware_elf3-1] imu pud timeout: 8376.361132 ms
[hardware_elf3-1] imu pud timeout: 8382.081509 ms
[hardware_elf3-1] imu pud timeout: 8390.070915 ms
[hardware_elf3-1] imu pud timeout: 8396.405935 ms
[hardware_elf3-1] imu pud timeout: 8402.105808 ms
[hardware_elf3-1] imu pud timeout: 8410.120249 ms
[hardware_elf3-1] imu pud timeout: 8416.414499 ms
[hardware_elf3-1] imu pud timeout: 8422.398329 ms
[hardware_elf3-1] imu pud timeout: 8430.024624 ms
[hardware_elf3-1] imu pud timeout: 8436.445475 ms
[hardware_elf3-1] imu pud timeout: 8441.979885 ms
[hardware_elf3-1] imu pud timeout: 8450.129271 ms
[hardware_elf3-1] imu pud timeout: 8456.393957 ms
[hardware_elf3-1] imu pud timeout: 8462.381363 ms
[hardware_elf3-1] imu pud timeout: 8469.927788 ms
[hardware_elf3-1] imu pud timeout: 8476.392269 ms
[hardware_elf3-1] imu pud timeout: 8482.035398 ms
[hardware_elf3-1] imu pud timeout: 8490.127802 ms
[hardware_elf3-1] imu pud timeout: 8496.397257 ms
[hardware_elf3-1] imu pud timeout: 8502.301693 ms
[hardware_elf3-1] imu pud timeout: 8509.995699 ms
[hardware_elf3-1] imu pud timeout: 8516.398668 ms
[hardware_elf3-1] imu pud timeout: 8522.228718 ms
[hardware_elf3-1] imu pud timeout: 8530.155897 ms
[hardware_elf3-1] imu pud timeout: 8536.416769 ms
[hardware_elf3-1] imu pud timeout: 8542.032719 ms
[hardware_elf3-1] imu pud timeout: 8550.132513 ms
[hardware_elf3-1] imu pud timeout: 8556.417227 ms
[hardware_elf3-1] imu pud timeout: 8562.303543 ms
[hardware_elf3-1] imu pud timeout: 8570.121527 ms
[hardware_elf3-1] imu pud timeout: 8576.417208 ms
[hardware_elf3-1] imu pud timeout: 8582.376003 ms
[hardware_elf3-1] imu pud timeout: 8590.125799 ms
[hardware_elf3-1] imu pud timeout: 8596.432924 ms
[hardware_elf3-1] imu pud timeout: 8602.074385 ms
[hardware_elf3-1] imu pud timeout: 8610.126972 ms
[hardware_elf3-1] imu pud timeout: 8616.429567 ms
[hardware_elf3-1] imu pud timeout: 8622.162342 ms
[hardware_elf3-1] imu pud timeout: 8630.086899 ms
[hardware_elf3-1] imu pud timeout: 8636.468172 ms
[hardware_elf3-1] imu pud timeout: 8642.364740 ms
[hardware_elf3-1] imu pud timeout: 8649.985552 ms
[hardware_elf3-1] imu pud timeout: 8656.513214 ms
[hardware_elf3-1] imu pud timeout: 8662.270546 ms
[hardware_elf3-1] imu pud timeout: 8670.093298 ms
[hardware_elf3-1] imu pud timeout: 8676.559925 ms
[hardware_elf3-1] imu pud timeout: 8682.281733 ms
[hardware_elf3-1] imu pud timeout: 8690.187931 ms
[hardware_elf3-1] imu pud timeout: 8696.569204 ms
[hardware_elf3-1] imu pud timeout: 8702.288389 ms
[hardware_elf3-1] imu pud timeout: 8709.996462 ms
[hardware_elf3-1] imu pud timeout: 8716.486931 ms
[hardware_elf3-1] imu pud timeout: 8722.370148 ms
[hardware_elf3-1] imu pud timeout: 8730.189323 ms
[hardware_elf3-1] imu pud timeout: 8736.469746 ms
[hardware_elf3-1] imu pud timeout: 8742.097139 ms
[hardware_elf3-1] imu pud timeout: 8750.169754 ms
[hardware_elf3-1] imu pud timeout: 8756.478310 ms
[hardware_elf3-1] imu pud timeout: 8762.006521 ms
[hardware_elf3-1] imu pud timeout: 8770.172358 ms
[hardware_elf3-1] imu pud timeout: 8776.539564 ms
[hardware_elf3-1] imu pud timeout: 8782.268763 ms
[hardware_elf3-1] imu pud timeout: 8790.086746 ms
[hardware_elf3-1] imu pud timeout: 8796.458483 ms
[hardware_elf3-1] imu pud timeout: 8802.587748 ms
[hardware_elf3-1] imu pud timeout: 8810.260534 ms
[hardware_elf3-1] imu pud timeout: 8816.481352 ms
[hardware_elf3-1] imu pud timeout: 8822.264910 ms
[hardware_elf3-1] imu pud timeout: 8829.989672 ms
[hardware_elf3-1] imu pud timeout: 8836.499691 ms
[hardware_elf3-1] imu pud timeout: 8842.314720 ms
[hardware_elf3-1] imu pud timeout: 8849.896908 ms
[hardware_elf3-1] imu pud timeout: 8856.468678 ms
[hardware_elf3-1] imu pud timeout: 8862.208843 ms
[hardware_elf3-1] imu pud timeout: 8870.002031 ms
[hardware_elf3-1] imu pud timeout: 8876.473665 ms
[hardware_elf3-1] imu pud timeout: 8882.125854 ms
[hardware_elf3-1] imu pud timeout: 8889.981985 ms
[hardware_elf3-1] imu pud timeout: 8896.477938 ms
[hardware_elf3-1] imu pud timeout: 8902.412415 ms
[hardware_elf3-1] imu pud timeout: 8910.078049 ms
[hardware_elf3-1] imu pud timeout: 8916.480780 ms
[hardware_elf3-1] imu pud timeout: 8922.389984 ms
[hardware_elf3-1] imu pud timeout: 8930.018663 ms
[hardware_elf3-1] imu pud timeout: 8936.488152 ms
[hardware_elf3-1] imu pud timeout: 8942.382812 ms
[hardware_elf3-1] imu pud timeout: 8950.222969 ms
[hardware_elf3-1] imu pud timeout: 8956.497908 ms
[hardware_elf3-1] imu pud timeout: 8962.263823 ms
[hardware_elf3-1] imu pud timeout: 8970.077515 ms
[hardware_elf3-1] imu pud timeout: 8976.541996 ms
[hardware_elf3-1] imu pud timeout: 8982.329607 ms
[hardware_elf3-1] imu pud timeout: 8990.135908 ms
[hardware_elf3-1] imu pud timeout: 8996.552944 ms
[hardware_elf3-1] imu pud timeout: 9002.131939 ms
[hardware_elf3-1] imu pud timeout: 9010.073900 ms
[hardware_elf3-1] imu pud timeout: 9016.548395 ms
[hardware_elf3-1] imu pud timeout: 9022.357225 ms
[hardware_elf3-1] imu pud timeout: 9030.261755 ms
[hardware_elf3-1] imu pud timeout: 9036.549568 ms
[hardware_elf3-1] imu pud timeout: 9042.279482 ms
[hardware_elf3-1] imu pud timeout: 9050.249577 ms
[hardware_elf3-1] imu pud timeout: 9056.519747 ms
[hardware_elf3-1] imu pud timeout: 9062.424660 ms
[hardware_elf3-1] imu pud timeout: 9070.130348 ms
[hardware_elf3-1] imu pud timeout: 9076.556206 ms
[hardware_elf3-1] imu pud timeout: 9082.555771 ms
[hardware_elf3-1] imu pud timeout: 9090.048075 ms
[hardware_elf3-1] imu pud timeout: 9096.570730 ms
[hardware_elf3-1] imu pud timeout: 9102.319479 ms
[hardware_elf3-1] imu pud timeout: 9110.049963 ms
[hardware_elf3-1] imu pud timeout: 9116.592407 ms
[hardware_elf3-1] imu pud timeout: 9122.294903 ms
[hardware_elf3-1] imu pud timeout: 9130.139828 ms
[hardware_elf3-1] imu pud timeout: 9136.540174 ms
[hardware_elf3-1] imu pud timeout: 9142.375469 ms
[hardware_elf3-1] imu pud timeout: 9150.179386 ms
[hardware_elf3-1] imu pud timeout: 9156.584263 ms
[hardware_elf3-1] imu pud timeout: 9162.223577 ms
[hardware_elf3-1] imu pud timeout: 9170.192480 ms
[hardware_elf3-1] imu pud timeout: 9176.593542 ms
[hardware_elf3-1] imu pud timeout: 9182.251215 ms
[hardware_elf3-1] imu pud timeout: 9190.200567 ms
[hardware_elf3-1] imu pud timeout: 9196.592808 ms
[hardware_elf3-1] imu pud timeout: 9202.413082 ms
[hardware_elf3-1] imu pud timeout: 9210.188389 ms
[hardware_elf3-1] imu pud timeout: 9216.603518 ms
[hardware_elf3-1] imu pud timeout: 9222.406387 ms
[hardware_elf3-1] imu pud timeout: 9230.213404 ms
[hardware_elf3-1] imu pud timeout: 9236.574411 ms
[hardware_elf3-1] imu pud timeout: 9242.224932 ms
[hardware_elf3-1] imu pud timeout: 9250.060797 ms
[hardware_elf3-1] imu pud timeout: 9256.575584 ms
[hardware_elf3-1] imu pud timeout: 9262.567282 ms
[hardware_elf3-1] imu pud timeout: 9270.182848 ms
[hardware_elf3-1] imu pud timeout: 9276.585817 ms
[hardware_elf3-1] imu pud timeout: 9282.352209 ms
[hardware_elf3-1] imu pud timeout: 9290.068865 ms
[hardware_elf3-1] imu pud timeout: 9296.597242 ms
[hardware_elf3-1] imu pud timeout: 9302.162886 ms
[hardware_elf3-1] imu pud timeout: 9310.249329 ms
[hardware_elf3-1] imu pud timeout: 9316.596031 ms
[hardware_elf3-1] imu pud timeout: 9322.365046 ms
[hardware_elf3-1] imu pud timeout: 9330.148935 ms
[hardware_elf3-1] imu pud timeout: 9336.599827 ms
[hardware_elf3-1] imu pud timeout: 9342.253685 ms
[hardware_elf3-1] imu pud timeout: 9350.233316 ms
[hardware_elf3-1] imu pud timeout: 9356.609821 ms
[hardware_elf3-1] imu pud timeout: 9362.257719 ms
[hardware_elf3-1] imu pud timeout: 9370.237827 ms
[hardware_elf3-1] imu pud timeout: 9376.610041 ms
[hardware_elf3-1] imu pud timeout: 9382.408142 ms
[hardware_elf3-1] imu pud timeout: 9390.181541 ms
[hardware_elf3-1] imu pud timeout: 9396.616936 ms
[hardware_elf3-1] imu pud timeout: 9402.101755 ms
[hardware_elf3-1] imu pud timeout: 9410.169840 ms
[hardware_elf3-1] imu pud timeout: 9416.619778 ms
[hardware_elf3-1] imu pud timeout: 9422.541618 ms
[hardware_elf3-1] imu pud timeout: 9430.251598 ms
[hardware_elf3-1] imu pud timeout: 9436.623096 ms
[hardware_elf3-1] imu pud timeout: 9442.598343 ms
[hardware_elf3-1] imu pud timeout: 9450.414896 ms
[hardware_elf3-1] imu pud timeout: 9456.655025 ms
[hardware_elf3-1] imu pud timeout: 9462.447166 ms
[hardware_elf3-1] imu pud timeout: 9470.413685 ms
[hardware_elf3-1] imu pud timeout: 9476.723194 ms
[hardware_elf3-1] imu pud timeout: 9482.393980 ms
[hardware_elf3-1] imu pud timeout: 9490.234852 ms
[hardware_elf3-1] imu pud timeout: 9496.681690 ms
[hardware_elf3-1] imu pud timeout: 9502.699614 ms
[hardware_elf3-1] imu pud timeout: 9510.391712 ms
[hardware_elf3-1] imu pud timeout: 9516.679287 ms
[hardware_elf3-1] imu pud timeout: 9522.480249 ms
[hardware_elf3-1] imu pud timeout: 9530.473232 ms
[hardware_elf3-1] imu pud timeout: 9536.689758 ms
[hardware_elf3-1] imu pud timeout: 9542.343855 ms
[bxi_example_py_elf3_demo-2] switch pd_brake -> normal via soft_switch (normal_event)
[hardware_elf3-1] imu pud timeout: 9550.304413 ms
[bxi_example_py_elf3_demo-2] [INFERENCE TIMEOUT] state=normal, delay=25.18ms, limit=20.00ms (50.0Hz), tolerance=5.00ms, over=5.18ms, count=1
[hardware_elf3-1] imu pud timeout: 9556.693077 ms
[hardware_elf3-1] imu pud timeout: 9562.315464 ms
[hardware_elf3-1] imu pud timeout: 9570.396662 ms
[hardware_elf3-1] imu pud timeout: 9576.669216 ms
[hardware_elf3-1] imu pud timeout: 9582.649469 ms
[hardware_elf3-1] imu pud timeout: 9590.269566 ms
[hardware_elf3-1] imu pud timeout: 9596.703291 ms
[hardware_elf3-1] imu pud timeout: 9602.341890 ms
[hardware_elf3-1] imu pud timeout: 9610.509157 ms
[hardware_elf3-1] imu pud timeout: 9616.711617 ms
[hardware_elf3-1] imu pud timeout: 9622.369766 ms
[hardware_elf3-1] imu pud timeout: 9630.439043 ms
[hardware_elf3-1] imu pud timeout: 9636.773348 ms
[hardware_elf3-1] imu pud timeout: 9642.508745 ms
[hardware_elf3-1] imu pud timeout: 9650.375843 ms
[hardware_elf3-1] imu pud timeout: 9656.746626 ms
[hardware_elf3-1] imu pud timeout: 9662.564516 ms
[hardware_elf3-1] imu pud timeout: 9670.314789 ms
[hardware_elf3-1] imu pud timeout: 9676.764011 ms
[hardware_elf3-1] imu pud timeout: 9682.524443 ms
[hardware_elf3-1] imu pud timeout: 9690.546751 ms
[hardware_elf3-1] imu pud timeout: 9696.754932 ms
[hardware_elf3-1] imu pud timeout: 9702.382803 ms
[hardware_elf3-1] imu pud timeout: 9710.467100 ms
[hardware_elf3-1] imu pud timeout: 9716.773987 ms
[hardware_elf3-1] imu pud timeout: 9722.537518 ms
[hardware_elf3-1] imu pud timeout: 9730.246067 ms
[hardware_elf3-1] imu pud timeout: 9736.747026 ms
[hardware_elf3-1] imu pud timeout: 9742.447853 ms
[hardware_elf3-1] imu pud timeout: 9750.276566 ms
[hardware_elf3-1] imu pud timeout: 9756.757021 ms
[hardware_elf3-1] imu pud timeout: 9762.571335 ms
[hardware_elf3-1] imu pud timeout: 9770.395517 ms
[hardware_elf3-1] imu pud timeout: 9776.788235 ms
[hardware_elf3-1] imu pud timeout: 9782.394409 ms
[hardware_elf3-1] imu pud timeout: 9790.609121 ms
[hardware_elf3-1] imu pud timeout: 9796.757936 ms
[hardware_elf3-1] imu pud timeout: 9802.236319 ms
[hardware_elf3-1] imu pud timeout: 9810.426950 ms
[hardware_elf3-1] imu pud timeout: 9816.831589 ms
[hardware_elf3-1] imu pud timeout: 9822.480202 ms
[hardware_elf3-1] imu pud timeout: 9830.558538 ms
[hardware_elf3-1] imu pud timeout: 9836.807251 ms
[hardware_elf3-1] imu pud timeout: 9842.376947 ms
[hardware_elf3-1] imu pud timeout: 9850.375652 ms
[hardware_elf3-1] imu pud timeout: 9856.775999 ms
[hardware_elf3-1] imu pud timeout: 9862.377167 ms
[hardware_elf3-1] imu pud timeout: 9870.485067 ms
[hardware_elf3-1] imu pud timeout: 9876.774311 ms
[hardware_elf3-1] imu pud timeout: 9882.443905 ms
[hardware_elf3-1] imu pud timeout: 9890.444756 ms
[hardware_elf3-1] imu pud timeout: 9896.795988 ms
[hardware_elf3-1] imu pud timeout: 9902.478456 ms
[hardware_elf3-1] imu pud timeout: 9910.300732 ms
[hardware_elf3-1] imu pud timeout: 9916.793585 ms
[hardware_elf3-1] imu pud timeout: 9922.357559 ms
[hardware_elf3-1] imu pud timeout: 9930.400848 ms
[hardware_elf3-1] imu pud timeout: 9936.826944 ms
[hardware_elf3-1] imu pud timeout: 9942.616224 ms
[hardware_elf3-1] imu pud timeout: 9950.397253 ms
[hardware_elf3-1] imu pud timeout: 9956.838608 ms
[hardware_elf3-1] imu pud timeout: 9962.678909 ms
[hardware_elf3-1] imu pud timeout: 9970.571756 ms
[hardware_elf3-1] imu pud timeout: 9976.868868 ms
[hardware_elf3-1] imu pud timeout: 9982.909679 ms
[hardware_elf3-1] imu pud timeout: 9990.451813 ms
[hardware_elf3-1] imu pud timeout: 9996.848822 ms
[hardware_elf3-1] imu pud timeout: 10002.374411 ms
[hardware_elf3-1] imu pud timeout: 10010.567427 ms
[hardware_elf3-1] imu pud timeout: 10016.887426 ms
[hardware_elf3-1] imu pud timeout: 10022.560596 ms
[hardware_elf3-1] imu pud timeout: 10030.571222 ms
[hardware_elf3-1] [0m[INFO] [1785569783.838904779] [rclcpp]: signal_handler(SIGINT/SIGTERM)[0m
[hardware_elf3-1] robot hw exit.
[hardware_elf3-1] motor power off
[hardware_elf3-1] exit motor mode
[hardware_elf3-1] [0m[INFO] [1785569783.851878844] [hardware_elf3]: close node ...[0m
[INFO] [hardware_elf3-1]: process has finished cleanly [pid 2275]
[bxi_example_py_elf3_demo-2] Traceback (most recent call last):
[bxi_example_py_elf3_demo-2]   File "/home/bxi/bxi_ws/bxi_rl_controller_ros2_example/install/lib/bxi_example_py_elf3/bxi_example_py_elf3_demo", line 33, in <module>
[bxi_example_py_elf3_demo-2]     sys.exit(load_entry_point('bxi-example-py-elf3==0.0.0', 'console_scripts', 'bxi_example_py_elf3_demo')())
[bxi_example_py_elf3_demo-2]   File "/home/bxi/bxi_ws/bxi_rl_controller_ros2_example/install/lib/python3.10/site-packages/bxi_example_py_elf3/bxi_example_demo.py", line 625, in main
[bxi_example_py_elf3_demo-2]     rclpy.shutdown()
[bxi_example_py_elf3_demo-2]   File "/opt/ros/humble/local/lib/python3.10/dist-packages/rclpy/__init__.py", line 130, in shutdown
[bxi_example_py_elf3_demo-2]     _shutdown(context=context)
[bxi_example_py_elf3_demo-2]   File "/opt/ros/humble/local/lib/python3.10/dist-packages/rclpy/utilities.py", line 58, in shutdown
[bxi_example_py_elf3_demo-2]     return context.shutdown()
[bxi_example_py_elf3_demo-2]   File "/opt/ros/humble/local/lib/python3.10/dist-packages/rclpy/context.py", line 102, in shutdown
[bxi_example_py_elf3_demo-2]     self.__context.shutdown()
[bxi_example_py_elf3_demo-2] rclpy._rclpy_pybind11.RCLError: failed to shutdown: rcl_shutdown already called on the given context, at ./src/rcl/init.c:241
[ERROR] [bxi_example_py_elf3_demo-2]: process has died [pid 2277, exit code 1, cmd '/home/bxi/bxi_ws/bxi_rl_controller_ros2_example/install/lib/bxi_example_py_elf3/bxi_example_py_elf3_demo __log_level:=debug --ros-args -r __node:=bxi_example_py_elf3_demo --params-file /tmp/launch_params_jkk0213u --params-file /tmp/launch_params_j95m7_lc --params-file /tmp/launch_params_i1z5oe4f'].
